../Core/Src/main.c:86:6:HAL_TIM_PeriodElapsedCallback	16	static
../Core/Src/main.c:94:6:statechart_goSleep	16	static
../Core/Src/main.c:99:6:statechart_readI2CSensor	16	static
../Core/Src/main.c:104:6:statechart_displayInfo	48	static
../Core/Src/main.c:124:6:statechart_processData	16	static
../Core/Src/main.c:130:6:SHT31_ReadTempHumidity	40	static
../Core/Src/main.c:154:5:main	16	static
../Core/Src/main.c:220:6:SystemClock_Config	88	static
../Core/Src/main.c:262:13:MX_I2C1_Init	8	static
../Core/Src/main.c:296:13:MX_TIM11_Init	8	static
../Core/Src/main.c:327:13:MX_USART2_UART_Init	8	static
../Core/Src/main.c:360:13:MX_GPIO_Init	48	static
../Core/Src/main.c:420:6:Error_Handler	4	static,ignoring_inline_asm
