../Core/Src/main.c:84:6:HAL_RTCEx_WakeUpTimerEventCallback	1
../Core/Src/main.c:90:16:SHT31_IsReady	2
../Core/Src/main.c:95:16:SHT31_ReadTempHumidity	3
../Core/Src/main.c:123:13:App_ProcessMeasurement	3
../Core/Src/main.c:142:13:App_UartTransmitString	2
../Core/Src/main.c:154:13:App_UartOutputMeasurement	4
../Core/Src/main.c:175:13:App_DisplayMeasurement	2
../Core/Src/main.c:196:13:EnterStopMode	1
../Core/Src/main.c:207:6:statechart_goSleep	1
../Core/Src/main.c:213:6:statechart_readI2CSensor	1
../Core/Src/main.c:219:6:statechart_processData	1
../Core/Src/main.c:224:6:statechart_displayInfo	1
../Core/Src/main.c:236:5:main	2
../Core/Src/main.c:292:6:SystemClock_Config	3
../Core/Src/main.c:339:13:MX_I2C1_Init	2
../Core/Src/main.c:373:13:MX_RTC_Init	5
../Core/Src/main.c:443:13:MX_TIM11_Init	2
../Core/Src/main.c:474:13:MX_USART1_UART_Init	2
../Core/Src/main.c:507:13:MX_GPIO_Init	1
../Core/Src/main.c:531:6:Error_Handler	1
