../Core/Src/main.c:114:6:HAL_RTCEx_WakeUpTimerEventCallback	1
../Core/Src/main.c:120:16:SHT31_IsReady	2
../Core/Src/main.c:131:16:SHT31_ReadTempHumidity	3
../Core/Src/main.c:170:12:GetTemperatureDecimal	2
../Core/Src/main.c:182:13:ProcessMeasurement	3
../Core/Src/main.c:205:13:UartTransmitString	1
../Core/Src/main.c:213:13:UartOutputMeasurement	3
../Core/Src/main.c:235:13:DisplayMeasurement	1
../Core/Src/main.c:256:13:SetLed	2
../Core/Src/main.c:272:13:UpdateAlarmLed	3
../Core/Src/main.c:285:13:EnterStopMode	1
../Core/Src/main.c:296:6:statechart_goSleep	1
../Core/Src/main.c:302:6:statechart_readI2CSensor	1
../Core/Src/main.c:308:6:statechart_processData	1
../Core/Src/main.c:313:6:statechart_displayInfo	1
../Core/Src/main.c:325:5:main	2
../Core/Src/main.c:385:6:SystemClock_Config	3
../Core/Src/main.c:432:13:MX_I2C1_Init	2
../Core/Src/main.c:466:13:MX_RTC_Init	5
../Core/Src/main.c:537:13:MX_TIM11_Init	2
../Core/Src/main.c:568:13:MX_USART1_UART_Init	2
../Core/Src/main.c:601:13:MX_GPIO_Init	1
../Core/Src/main.c:634:6:Error_Handler	1
