01:08:31 **** Incremental Build of configuration Debug for project STM_Monitor ****
make -j12 all 
arm-none-eabi-gcc "../Drivers/OLED/ssd1306/ssd1306.c" -mcpu=cortex-m4 -std=gnu11 -g3 -DDEBUG -DUSE_HAL_DRIVER -DSTM32F411xE -c -I../Core/Inc -I../Drivers/STM32F4xx_HAL_Driver/Inc -I../Drivers/STM32F4xx_HAL_Driver/Inc/Legacy -I../Drivers/CMSIS/Device/ST/STM32F4xx/Include -I../Drivers/CMSIS/Include -O0 -ffunction-sections -fdata-sections -Wall -fstack-usage -fcyclomatic-complexity -MMD -MP -MF"Drivers/OLED/ssd1306/ssd1306.d" -MT"Drivers/OLED/ssd1306/ssd1306.o" --specs=nano.specs -mfpu=fpv4-sp-d16 -mfloat-abi=hard -mthumb -o "Drivers/OLED/ssd1306/ssd1306.o"
arm-none-eabi-gcc "../Drivers/OLED/ssd1306/ssd1306_fonts.c" -mcpu=cortex-m4 -std=gnu11 -g3 -DDEBUG -DUSE_HAL_DRIVER -DSTM32F411xE -c -I../Core/Inc -I../Drivers/STM32F4xx_HAL_Driver/Inc -I../Drivers/STM32F4xx_HAL_Driver/Inc/Legacy -I../Drivers/CMSIS/Device/ST/STM32F4xx/Include -I../Drivers/CMSIS/Include -O0 -ffunction-sections -fdata-sections -Wall -fstack-usage -fcyclomatic-complexity -MMD -MP -MF"Drivers/OLED/ssd1306/ssd1306_fonts.d" -MT"Drivers/OLED/ssd1306/ssd1306_fonts.o" --specs=nano.specs -mfpu=fpv4-sp-d16 -mfloat-abi=hard -mthumb -o "Drivers/OLED/ssd1306/ssd1306_fonts.o"
arm-none-eabi-gcc "../Drivers/OLED/ssd1306/ssd1306_tests.c" -mcpu=cortex-m4 -std=gnu11 -g3 -DDEBUG -DUSE_HAL_DRIVER -DSTM32F411xE -c -I../Core/Inc -I../Drivers/STM32F4xx_HAL_Driver/Inc -I../Drivers/STM32F4xx_HAL_Driver/Inc/Legacy -I../Drivers/CMSIS/Device/ST/STM32F4xx/Include -I../Drivers/CMSIS/Include -O0 -ffunction-sections -fdata-sections -Wall -fstack-usage -fcyclomatic-complexity -MMD -MP -MF"Drivers/OLED/ssd1306/ssd1306_tests.d" -MT"Drivers/OLED/ssd1306/ssd1306_tests.o" --specs=nano.specs -mfpu=fpv4-sp-d16 -mfloat-abi=hard -mthumb -o "Drivers/OLED/ssd1306/ssd1306_tests.o"
arm-none-eabi-gcc "../Core/Src/main.c" -mcpu=cortex-m4 -std=gnu11 -g3 -DDEBUG -DUSE_HAL_DRIVER -DSTM32F411xE -c -I../Core/Inc -I../Drivers/STM32F4xx_HAL_Driver/Inc -I../Drivers/STM32F4xx_HAL_Driver/Inc/Legacy -I../Drivers/CMSIS/Device/ST/STM32F4xx/Include -I../Drivers/CMSIS/Include -O0 -ffunction-sections -fdata-sections -Wall -fstack-usage -fcyclomatic-complexity -MMD -MP -MF"Core/Src/main.d" -MT"Core/Src/main.o" --specs=nano.specs -mfpu=fpv4-sp-d16 -mfloat-abi=hard -mthumb -o "Core/Src/main.o"
In file included from ../Drivers/OLED/ssd1306/ssd1306.c:1:
../Drivers/OLED/ssd1306/ssd1306.h:34:10: fatal error: stm32l4xx_hal.h: No such file or directory
   34 | #include "stm32l4xx_hal.h"
      |          ^~~~~~~~~~~~~~~~~
compilation terminated.
In file included from ../Drivers/OLED/ssd1306/ssd1306_fonts.h:4,
                 from ../Drivers/OLED/ssd1306/ssd1306_fonts.c:2:
../Drivers/OLED/ssd1306/ssd1306.h:34:10: fatal error: stm32l4xx_hal.h: No such file or directory
   34 | #include "stm32l4xx_hal.h"
      |          ^~~~~~~~~~~~~~~~~
compilation terminated.
make: *** [Drivers/OLED/ssd1306/subdir.mk:25: Drivers/OLED/ssd1306/ssd1306.o] Error 1
make: *** Waiting for unfinished jobs....
make: *** [Drivers/OLED/ssd1306/subdir.mk:25: Drivers/OLED/ssd1306/ssd1306_fonts.o] Error 1
In file included from ../Drivers/OLED/ssd1306/ssd1306_tests.c:3:
../Drivers/OLED/ssd1306/ssd1306.h:34:10: fatal error: stm32l4xx_hal.h: No such file or directory
   34 | #include "stm32l4xx_hal.h"
      |          ^~~~~~~~~~~~~~~~~
compilation terminated.
make: *** [Drivers/OLED/ssd1306/subdir.mk:25: Drivers/OLED/ssd1306/ssd1306_tests.o] Error 1
../Core/Src/main.c:21:10: fatal error: Statechart.c: No such file or directory
   21 | #include "Statechart.c"
      |          ^~~~~~~~~~~~~~
compilation terminated.
make: *** [Core/Src/subdir.mk:34: Core/Src/main.o] Error 1
"make -j12 all" terminated with exit code 2. Build might be incomplete.
01:09:31 **** Incremental Build of configuration Debug for project STM_Monitor ****
make -j12 all 
arm-none-eabi-gcc "../Drivers/OLED/ssd1306/ssd1306.c" -mcpu=cortex-m4 -std=gnu11 -g3 -DDEBUG -DUSE_HAL_DRIVER -DSTM32F411xE -c -I../Core/Inc -I../Drivers/STM32F4xx_HAL_Driver/Inc -I../Drivers/STM32F4xx_HAL_Driver/Inc/Legacy -I../Drivers/CMSIS/Device/ST/STM32F4xx/Include -I../Drivers/CMSIS/Include -O0 -ffunction-sections -fdata-sections -Wall -fstack-usage -fcyclomatic-complexity -MMD -MP -MF"Drivers/OLED/ssd1306/ssd1306.d" -MT"Drivers/OLED/ssd1306/ssd1306.o" --specs=nano.specs -mfpu=fpv4-sp-d16 -mfloat-abi=hard -mthumb -o "Drivers/OLED/ssd1306/ssd1306.o"
arm-none-eabi-gcc "../Drivers/OLED/ssd1306/ssd1306_fonts.c" -mcpu=cortex-m4 -std=gnu11 -g3 -DDEBUG -DUSE_HAL_DRIVER -DSTM32F411xE -c -I../Core/Inc -I../Drivers/STM32F4xx_HAL_Driver/Inc -I../Drivers/STM32F4xx_HAL_Driver/Inc/Legacy -I../Drivers/CMSIS/Device/ST/STM32F4xx/Include -I../Drivers/CMSIS/Include -O0 -ffunction-sections -fdata-sections -Wall -fstack-usage -fcyclomatic-complexity -MMD -MP -MF"Drivers/OLED/ssd1306/ssd1306_fonts.d" -MT"Drivers/OLED/ssd1306/ssd1306_fonts.o" --specs=nano.specs -mfpu=fpv4-sp-d16 -mfloat-abi=hard -mthumb -o "Drivers/OLED/ssd1306/ssd1306_fonts.o"
arm-none-eabi-gcc "../Drivers/OLED/ssd1306/ssd1306_tests.c" -mcpu=cortex-m4 -std=gnu11 -g3 -DDEBUG -DUSE_HAL_DRIVER -DSTM32F411xE -c -I../Core/Inc -I../Drivers/STM32F4xx_HAL_Driver/Inc -I../Drivers/STM32F4xx_HAL_Driver/Inc/Legacy -I../Drivers/CMSIS/Device/ST/STM32F4xx/Include -I../Drivers/CMSIS/Include -O0 -ffunction-sections -fdata-sections -Wall -fstack-usage -fcyclomatic-complexity -MMD -MP -MF"Drivers/OLED/ssd1306/ssd1306_tests.d" -MT"Drivers/OLED/ssd1306/ssd1306_tests.o" --specs=nano.specs -mfpu=fpv4-sp-d16 -mfloat-abi=hard -mthumb -o "Drivers/OLED/ssd1306/ssd1306_tests.o"
arm-none-eabi-gcc "../Core/Src/main.c" -mcpu=cortex-m4 -std=gnu11 -g3 -DDEBUG -DUSE_HAL_DRIVER -DSTM32F411xE -c -I../Core/Inc -I../Drivers/STM32F4xx_HAL_Driver/Inc -I../Drivers/STM32F4xx_HAL_Driver/Inc/Legacy -I../Drivers/CMSIS/Device/ST/STM32F4xx/Include -I../Drivers/CMSIS/Include -O0 -ffunction-sections -fdata-sections -Wall -fstack-usage -fcyclomatic-complexity -MMD -MP -MF"Core/Src/main.d" -MT"Core/Src/main.o" --specs=nano.specs -mfpu=fpv4-sp-d16 -mfloat-abi=hard -mthumb -o "Core/Src/main.o"
In file included from ../Drivers/OLED/ssd1306/ssd1306.c:1:
../Drivers/OLED/ssd1306/ssd1306.h:34:10: fatal error: stm32l4xx_hal.h: No such file or directory
   34 | #include "stm32l4xx_hal.h"
      |          ^~~~~~~~~~~~~~~~~
compilation terminated.
In file included from ../Drivers/OLED/ssd1306/ssd1306_fonts.h:4,
                 from ../Drivers/OLED/ssd1306/ssd1306_fonts.c:2:
../Drivers/OLED/ssd1306/ssd1306.h:34:10: fatal error: stm32l4xx_hal.h: No such file or directory
   34 | #include "stm32l4xx_hal.h"
      |          ^~~~~~~~~~~~~~~~~
compilation terminated.
make: *** [Drivers/OLED/ssd1306/subdir.mk:25: Drivers/OLED/ssd1306/ssd1306.o] Error 1
make: *** Waiting for unfinished jobs....
make: *** [Drivers/OLED/ssd1306/subdir.mk:25: Drivers/OLED/ssd1306/ssd1306_fonts.o] Error 1
In file included from ../Drivers/OLED/ssd1306/ssd1306_tests.c:3:
../Drivers/OLED/ssd1306/ssd1306.h:34:10: fatal error: stm32l4xx_hal.h: No such file or directory
   34 | #include "stm32l4xx_hal.h"
      |          ^~~~~~~~~~~~~~~~~
compilation terminated.
make: *** [Drivers/OLED/ssd1306/subdir.mk:25: Drivers/OLED/ssd1306/ssd1306_tests.o] Error 1
../Core/Src/main.c:21:10: fatal error: Statechart.c: No such file or directory
   21 | #include "Statechart.c"
      |          ^~~~~~~~~~~~~~
compilation terminated.
make: *** [Core/Src/subdir.mk:34: Core/Src/main.o] Error 1
"make -j12 all" terminated with exit code 2. Build might be incomplete.
09:06:19 **** Incremental Build of configuration Debug for project STM_Monitor ****
make -j12 all 
arm-none-eabi-gcc "../Drivers/OLED/ssd1306/ssd1306.c" -mcpu=cortex-m4 -std=gnu11 -g3 -DDEBUG -DUSE_HAL_DRIVER -DSTM32F411xE -c -I../Core/Inc -I../Drivers/STM32F4xx_HAL_Driver/Inc -I../Drivers/STM32F4xx_HAL_Driver/Inc/Legacy -I../Drivers/CMSIS/Device/ST/STM32F4xx/Include -I../Drivers/CMSIS/Include -O0 -ffunction-sections -fdata-sections -Wall -fstack-usage -fcyclomatic-complexity -MMD -MP -MF"Drivers/OLED/ssd1306/ssd1306.d" -MT"Drivers/OLED/ssd1306/ssd1306.o" --specs=nano.specs -mfpu=fpv4-sp-d16 -mfloat-abi=hard -mthumb -o "Drivers/OLED/ssd1306/ssd1306.o"
arm-none-eabi-gcc "../Drivers/OLED/ssd1306/ssd1306_fonts.c" -mcpu=cortex-m4 -std=gnu11 -g3 -DDEBUG -DUSE_HAL_DRIVER -DSTM32F411xE -c -I../Core/Inc -I../Drivers/STM32F4xx_HAL_Driver/Inc -I../Drivers/STM32F4xx_HAL_Driver/Inc/Legacy -I../Drivers/CMSIS/Device/ST/STM32F4xx/Include -I../Drivers/CMSIS/Include -O0 -ffunction-sections -fdata-sections -Wall -fstack-usage -fcyclomatic-complexity -MMD -MP -MF"Drivers/OLED/ssd1306/ssd1306_fonts.d" -MT"Drivers/OLED/ssd1306/ssd1306_fonts.o" --specs=nano.specs -mfpu=fpv4-sp-d16 -mfloat-abi=hard -mthumb -o "Drivers/OLED/ssd1306/ssd1306_fonts.o"
arm-none-eabi-gcc "../Drivers/OLED/ssd1306/ssd1306_tests.c" -mcpu=cortex-m4 -std=gnu11 -g3 -DDEBUG -DUSE_HAL_DRIVER -DSTM32F411xE -c -I../Core/Inc -I../Drivers/STM32F4xx_HAL_Driver/Inc -I../Drivers/STM32F4xx_HAL_Driver/Inc/Legacy -I../Drivers/CMSIS/Device/ST/STM32F4xx/Include -I../Drivers/CMSIS/Include -O0 -ffunction-sections -fdata-sections -Wall -fstack-usage -fcyclomatic-complexity -MMD -MP -MF"Drivers/OLED/ssd1306/ssd1306_tests.d" -MT"Drivers/OLED/ssd1306/ssd1306_tests.o" --specs=nano.specs -mfpu=fpv4-sp-d16 -mfloat-abi=hard -mthumb -o "Drivers/OLED/ssd1306/ssd1306_tests.o"
arm-none-eabi-gcc "C:/Users/klima/OneDrive - Kaunas University of Technology/stm_sensor_temp_1/STMFSMmodel/src-gen/Statechart.c" -mcpu=cortex-m4 -std=gnu11 -g3 -DDEBUG -DUSE_HAL_DRIVER -DSTM32F411xE -c -I../Core/Inc -I../Drivers/STM32F4xx_HAL_Driver/Inc -I../Drivers/STM32F4xx_HAL_Driver/Inc/Legacy -I../Drivers/CMSIS/Device/ST/STM32F4xx/Include -I../Drivers/CMSIS/Include -O0 -ffunction-sections -fdata-sections -Wall -fstack-usage -fcyclomatic-complexity -MMD -MP -MF"Core/src-gen/Statechart.d" -MT"Core/src-gen/Statechart.o" --specs=nano.specs -mfpu=fpv4-sp-d16 -mfloat-abi=hard -mthumb -o "Core/src-gen/Statechart.o"
arm-none-eabi-gcc "../Core/Src/main.c" -mcpu=cortex-m4 -std=gnu11 -g3 -DDEBUG -DUSE_HAL_DRIVER -DSTM32F411xE -c -I../Core/Inc -I../Drivers/STM32F4xx_HAL_Driver/Inc -I../Drivers/STM32F4xx_HAL_Driver/Inc/Legacy -I../Drivers/CMSIS/Device/ST/STM32F4xx/Include -I../Drivers/CMSIS/Include -O0 -ffunction-sections -fdata-sections -Wall -fstack-usage -fcyclomatic-complexity -MMD -MP -MF"Core/Src/main.d" -MT"Core/Src/main.o" --specs=nano.specs -mfpu=fpv4-sp-d16 -mfloat-abi=hard -mthumb -o "Core/Src/main.o"
In file included from ../Drivers/OLED/ssd1306/ssd1306.c:1:
../Drivers/OLED/ssd1306/ssd1306.h:34:10: fatal error: stm32l4xx_hal.h: No such file or directory
   34 | #include "stm32l4xx_hal.h"
      |          ^~~~~~~~~~~~~~~~~
In file included from ../Drivers/OLED/ssd1306/ssd1306_fonts.h:4,
                 from ../Drivers/OLED/ssd1306/ssd1306_fonts.c:2:
../Drivers/OLED/ssd1306/ssd1306.h:34:10: fatal error: stm32l4xx_hal.h: No such file or directory
   34 | #include "stm32l4xx_hal.h"
      |          ^~~~~~~~~~~~~~~~~
compilation terminated.
compilation terminated.
make: *** [Drivers/OLED/ssd1306/subdir.mk:25: Drivers/OLED/ssd1306/ssd1306_fonts.o] Error 1
make: *** Waiting for unfinished jobs....
make: *** [Drivers/OLED/ssd1306/subdir.mk:25: Drivers/OLED/ssd1306/ssd1306.o] Error 1
In file included from ../Drivers/OLED/ssd1306/ssd1306_tests.c:3:
../Drivers/OLED/ssd1306/ssd1306.h:34:10: fatal error: stm32l4xx_hal.h: No such file or directory
   34 | #include "stm32l4xx_hal.h"
      |          ^~~~~~~~~~~~~~~~~
compilation terminated.
make: *** [Drivers/OLED/ssd1306/subdir.mk:25: Drivers/OLED/ssd1306/ssd1306_tests.o] Error 1
../Core/Src/main.c:21:10: fatal error: Statechart.h: No such file or directory
   21 | #include "Statechart.h"
      |          ^~~~~~~~~~~~~~
compilation terminated.
make: *** [Core/Src/subdir.mk:34: Core/Src/main.o] Error 1
"make -j12 all" terminated with exit code 2. Build might be incomplete.
09:08:19 **** Incremental Build of configuration Debug for project STM_Monitor ****
make -j12 all 
arm-none-eabi-gcc "../Drivers/OLED/ssd1306/ssd1306.c" -mcpu=cortex-m4 -std=gnu11 -g3 -DDEBUG -DUSE_HAL_DRIVER -DSTM32F411xE -c -I../Core/Inc -I../Drivers/STM32F4xx_HAL_Driver/Inc -I../Drivers/STM32F4xx_HAL_Driver/Inc/Legacy -I../Drivers/CMSIS/Device/ST/STM32F4xx/Include -I../Drivers/CMSIS/Include -O0 -ffunction-sections -fdata-sections -Wall -fstack-usage -fcyclomatic-complexity -MMD -MP -MF"Drivers/OLED/ssd1306/ssd1306.d" -MT"Drivers/OLED/ssd1306/ssd1306.o" --specs=nano.specs -mfpu=fpv4-sp-d16 -mfloat-abi=hard -mthumb -o "Drivers/OLED/ssd1306/ssd1306.o"
arm-none-eabi-gcc "../Drivers/OLED/ssd1306/ssd1306_fonts.c" -mcpu=cortex-m4 -std=gnu11 -g3 -DDEBUG -DUSE_HAL_DRIVER -DSTM32F411xE -c -I../Core/Inc -I../Drivers/STM32F4xx_HAL_Driver/Inc -I../Drivers/STM32F4xx_HAL_Driver/Inc/Legacy -I../Drivers/CMSIS/Device/ST/STM32F4xx/Include -I../Drivers/CMSIS/Include -O0 -ffunction-sections -fdata-sections -Wall -fstack-usage -fcyclomatic-complexity -MMD -MP -MF"Drivers/OLED/ssd1306/ssd1306_fonts.d" -MT"Drivers/OLED/ssd1306/ssd1306_fonts.o" --specs=nano.specs -mfpu=fpv4-sp-d16 -mfloat-abi=hard -mthumb -o "Drivers/OLED/ssd1306/ssd1306_fonts.o"
arm-none-eabi-gcc "../Drivers/OLED/ssd1306/ssd1306_tests.c" -mcpu=cortex-m4 -std=gnu11 -g3 -DDEBUG -DUSE_HAL_DRIVER -DSTM32F411xE -c -I../Core/Inc -I../Drivers/STM32F4xx_HAL_Driver/Inc -I../Drivers/STM32F4xx_HAL_Driver/Inc/Legacy -I../Drivers/CMSIS/Device/ST/STM32F4xx/Include -I../Drivers/CMSIS/Include -O0 -ffunction-sections -fdata-sections -Wall -fstack-usage -fcyclomatic-complexity -MMD -MP -MF"Drivers/OLED/ssd1306/ssd1306_tests.d" -MT"Drivers/OLED/ssd1306/ssd1306_tests.o" --specs=nano.specs -mfpu=fpv4-sp-d16 -mfloat-abi=hard -mthumb -o "Drivers/OLED/ssd1306/ssd1306_tests.o"
arm-none-eabi-gcc -mcpu=cortex-m4 -g3 -DDEBUG -c -I"C:/Users/klima/OneDrive - Kaunas University of Technology/stm_sensor_temp_1/stmIdeCode/STM_Monitor/Drivers/OLED/ssd1306" -I"C:/Users/klima/OneDrive - Kaunas University of Technology/stm_sensor_temp_1/STMFSMmodel" -I"C:/Users/klima/OneDrive - Kaunas University of Technology/stm_sensor_temp_1/STMFSMmodel/src-gen" -I"C:/Users/klima/OneDrive - Kaunas University of Technology/stm_sensor_temp_1/STMFSMmodel/src" -x assembler-with-cpp -MMD -MP -MF"Core/Startup/startup_stm32f411ceux.d" -MT"Core/Startup/startup_stm32f411ceux.o" --specs=nano.specs -mfpu=fpv4-sp-d16 -mfloat-abi=hard -mthumb -o "Core/Startup/startup_stm32f411ceux.o" "../Core/Startup/startup_stm32f411ceux.s"
arm-none-eabi-gcc "../Core/Src/main.c" -mcpu=cortex-m4 -std=gnu11 -g3 -DDEBUG -DUSE_HAL_DRIVER -DSTM32F411xE -c -I../Core/Inc -I../Drivers/STM32F4xx_HAL_Driver/Inc -I../Drivers/STM32F4xx_HAL_Driver/Inc/Legacy -I../Drivers/CMSIS/Device/ST/STM32F4xx/Include -I../Drivers/CMSIS/Include -O0 -ffunction-sections -fdata-sections -Wall -fstack-usage -fcyclomatic-complexity -MMD -MP -MF"Core/Src/main.d" -MT"Core/Src/main.o" --specs=nano.specs -mfpu=fpv4-sp-d16 -mfloat-abi=hard -mthumb -o "Core/Src/main.o"
In file included from ../Drivers/OLED/ssd1306/ssd1306.c:1:
../Drivers/OLED/ssd1306/ssd1306.h:34:10: fatal error: stm32l4xx_hal.h: No such file or directory
   34 | #include "stm32l4xx_hal.h"
      |          ^~~~~~~~~~~~~~~~~
compilation terminated.
make: *** [Drivers/OLED/ssd1306/subdir.mk:25: Drivers/OLED/ssd1306/ssd1306.o] Error 1
make: *** Waiting for unfinished jobs....
In file included from ../Drivers/OLED/ssd1306/ssd1306_fonts.h:4,
                 from ../Drivers/OLED/ssd1306/ssd1306_fonts.c:2:
../Drivers/OLED/ssd1306/ssd1306.h:34:10: fatal error: stm32l4xx_hal.h: No such file or directory
   34 | #include "stm32l4xx_hal.h"
      |          ^~~~~~~~~~~~~~~~~
compilation terminated.
make: *** [Drivers/OLED/ssd1306/subdir.mk:25: Drivers/OLED/ssd1306/ssd1306_fonts.o] Error 1
In file included from ../Drivers/OLED/ssd1306/ssd1306_tests.c:3:
../Drivers/OLED/ssd1306/ssd1306.h:34:10: fatal error: stm32l4xx_hal.h: No such file or directory
   34 | #include "stm32l4xx_hal.h"
      |          ^~~~~~~~~~~~~~~~~
compilation terminated.
make: *** [Drivers/OLED/ssd1306/subdir.mk:25: Drivers/OLED/ssd1306/ssd1306_tests.o] Error 1
../Core/Src/main.c:21:10: fatal error: Statechart.h: No such file or directory
   21 | #include "Statechart.h"
      |          ^~~~~~~~~~~~~~
compilation terminated.
make: *** [Core/Src/subdir.mk:34: Core/Src/main.o] Error 1
"make -j12 all" terminated with exit code 2. Build might be incomplete.
09:13:22 **** Incremental Build of configuration Debug for project STM_Monitor ****
make -j12 all 
arm-none-eabi-gcc "../Drivers/OLED/ssd1306/ssd1306.c" -mcpu=cortex-m4 -std=gnu11 -g3 -DDEBUG -DUSE_HAL_DRIVER -DSTM32F411xE -c -I../Core/Inc -I../Drivers/STM32F4xx_HAL_Driver/Inc -I../Drivers/STM32F4xx_HAL_Driver/Inc/Legacy -I../Drivers/CMSIS/Device/ST/STM32F4xx/Include -I../Drivers/CMSIS/Include -O0 -ffunction-sections -fdata-sections -Wall -fstack-usage -fcyclomatic-complexity -MMD -MP -MF"Drivers/OLED/ssd1306/ssd1306.d" -MT"Drivers/OLED/ssd1306/ssd1306.o" --specs=nano.specs -mfpu=fpv4-sp-d16 -mfloat-abi=hard -mthumb -o "Drivers/OLED/ssd1306/ssd1306.o"
arm-none-eabi-gcc "../Drivers/OLED/ssd1306/ssd1306_fonts.c" -mcpu=cortex-m4 -std=gnu11 -g3 -DDEBUG -DUSE_HAL_DRIVER -DSTM32F411xE -c -I../Core/Inc -I../Drivers/STM32F4xx_HAL_Driver/Inc -I../Drivers/STM32F4xx_HAL_Driver/Inc/Legacy -I../Drivers/CMSIS/Device/ST/STM32F4xx/Include -I../Drivers/CMSIS/Include -O0 -ffunction-sections -fdata-sections -Wall -fstack-usage -fcyclomatic-complexity -MMD -MP -MF"Drivers/OLED/ssd1306/ssd1306_fonts.d" -MT"Drivers/OLED/ssd1306/ssd1306_fonts.o" --specs=nano.specs -mfpu=fpv4-sp-d16 -mfloat-abi=hard -mthumb -o "Drivers/OLED/ssd1306/ssd1306_fonts.o"
arm-none-eabi-gcc "../Drivers/OLED/ssd1306/ssd1306_tests.c" -mcpu=cortex-m4 -std=gnu11 -g3 -DDEBUG -DUSE_HAL_DRIVER -DSTM32F411xE -c -I../Core/Inc -I../Drivers/STM32F4xx_HAL_Driver/Inc -I../Drivers/STM32F4xx_HAL_Driver/Inc/Legacy -I../Drivers/CMSIS/Device/ST/STM32F4xx/Include -I../Drivers/CMSIS/Include -O0 -ffunction-sections -fdata-sections -Wall -fstack-usage -fcyclomatic-complexity -MMD -MP -MF"Drivers/OLED/ssd1306/ssd1306_tests.d" -MT"Drivers/OLED/ssd1306/ssd1306_tests.o" --specs=nano.specs -mfpu=fpv4-sp-d16 -mfloat-abi=hard -mthumb -o "Drivers/OLED/ssd1306/ssd1306_tests.o"
arm-none-eabi-gcc -mcpu=cortex-m4 -g3 -DDEBUG -c -I"C:/Users/klima/OneDrive - Kaunas University of Technology/stm_sensor_temp_1/stmIdeCode/STM_Monitor/Drivers/OLED/ssd1306" -I"C:/Users/klima/OneDrive - Kaunas University of Technology/stm_sensor_temp_1/stmIdeCode/STM_Monitor/Drivers/STM32F4xx_HAL_Driver/Inc" -I"C:/Users/klima/OneDrive - Kaunas University of Technology/stm_sensor_temp_1/stmIdeCode/STM_Monitor/Drivers/STM32F4xx_HAL_Driver/Src" -I"C:/Users/klima/OneDrive - Kaunas University of Technology/stm_sensor_temp_1/stmIdeCode/STM_Monitor/Drivers/CMSIS/Include" -I"C:/Users/klima/OneDrive - Kaunas University of Technology/stm_sensor_temp_1/stmIdeCode/STM_Monitor/Drivers/CMSIS/Device" -I"C:/Users/klima/OneDrive - Kaunas University of Technology/stm_sensor_temp_1/STMFSMmodel" -I"C:/Users/klima/OneDrive - Kaunas University of Technology/stm_sensor_temp_1/STMFSMmodel/src-gen" -I"C:/Users/klima/OneDrive - Kaunas University of Technology/stm_sensor_temp_1/STMFSMmodel/src" -x assembler-with-cpp -MMD -MP -MF"Core/Startup/startup_stm32f411ceux.d" -MT"Core/Startup/startup_stm32f411ceux.o" --specs=nano.specs -mfpu=fpv4-sp-d16 -mfloat-abi=hard -mthumb -o "Core/Startup/startup_stm32f411ceux.o" "../Core/Startup/startup_stm32f411ceux.s"
arm-none-eabi-gcc "../Core/Src/main.c" -mcpu=cortex-m4 -std=gnu11 -g3 -DDEBUG -DUSE_HAL_DRIVER -DSTM32F411xE -c -I../Core/Inc -I../Drivers/STM32F4xx_HAL_Driver/Inc -I../Drivers/STM32F4xx_HAL_Driver/Inc/Legacy -I../Drivers/CMSIS/Device/ST/STM32F4xx/Include -I../Drivers/CMSIS/Include -O0 -ffunction-sections -fdata-sections -Wall -fstack-usage -fcyclomatic-complexity -MMD -MP -MF"Core/Src/main.d" -MT"Core/Src/main.o" --specs=nano.specs -mfpu=fpv4-sp-d16 -mfloat-abi=hard -mthumb -o "Core/Src/main.o"
In file included from ../Drivers/OLED/ssd1306/ssd1306.c:1:
../Drivers/OLED/ssd1306/ssd1306.h:34:10: fatal error: stm32l4xx_hal.h: No such file or directory
   34 | #include "stm32l4xx_hal.h"
      |          ^~~~~~~~~~~~~~~~~
compilation terminated.
In file included from ../Drivers/OLED/ssd1306/ssd1306_fonts.h:4,
                 from ../Drivers/OLED/ssd1306/ssd1306_fonts.c:2:
../Drivers/OLED/ssd1306/ssd1306.h:34:10: fatal error: stm32l4xx_hal.h: No such file or directory
   34 | #include "stm32l4xx_hal.h"
      |          ^~~~~~~~~~~~~~~~~
compilation terminated.
make: *** [Drivers/OLED/ssd1306/subdir.mk:25: Drivers/OLED/ssd1306/ssd1306.o] Error 1
make: *** Waiting for unfinished jobs....
make: *** [Drivers/OLED/ssd1306/subdir.mk:25: Drivers/OLED/ssd1306/ssd1306_fonts.o] Error 1
In file included from ../Drivers/OLED/ssd1306/ssd1306_tests.c:3:
../Drivers/OLED/ssd1306/ssd1306.h:34:10: fatal error: stm32l4xx_hal.h: No such file or directory
   34 | #include "stm32l4xx_hal.h"
      |          ^~~~~~~~~~~~~~~~~
compilation terminated.
make: *** [Drivers/OLED/ssd1306/subdir.mk:25: Drivers/OLED/ssd1306/ssd1306_tests.o] Error 1
../Core/Src/main.c:21:10: fatal error: Statechart.h: No such file or directory
   21 | #include "Statechart.h"
      |          ^~~~~~~~~~~~~~
compilation terminated.
make: *** [Core/Src/subdir.mk:34: Core/Src/main.o] Error 1
"make -j12 all" terminated with exit code 2. Build might be incomplete.
09:14:20 **** Incremental Build of configuration Debug for project STM_Monitor ****
make -j12 all 
arm-none-eabi-gcc "../Drivers/OLED/ssd1306/ssd1306.c" -mcpu=cortex-m4 -std=gnu11 -g3 -DDEBUG -DUSE_HAL_DRIVER -DSTM32F411xE -c -I../Core/Inc -I../Drivers/STM32F4xx_HAL_Driver/Inc -I../Drivers/STM32F4xx_HAL_Driver/Inc/Legacy -I../Drivers/CMSIS/Device/ST/STM32F4xx/Include -I../Drivers/CMSIS/Include -O0 -ffunction-sections -fdata-sections -Wall -fstack-usage -fcyclomatic-complexity -MMD -MP -MF"Drivers/OLED/ssd1306/ssd1306.d" -MT"Drivers/OLED/ssd1306/ssd1306.o" --specs=nano.specs -mfpu=fpv4-sp-d16 -mfloat-abi=hard -mthumb -o "Drivers/OLED/ssd1306/ssd1306.o"
arm-none-eabi-gcc "../Drivers/OLED/ssd1306/ssd1306_fonts.c" -mcpu=cortex-m4 -std=gnu11 -g3 -DDEBUG -DUSE_HAL_DRIVER -DSTM32F411xE -c -I../Core/Inc -I../Drivers/STM32F4xx_HAL_Driver/Inc -I../Drivers/STM32F4xx_HAL_Driver/Inc/Legacy -I../Drivers/CMSIS/Device/ST/STM32F4xx/Include -I../Drivers/CMSIS/Include -O0 -ffunction-sections -fdata-sections -Wall -fstack-usage -fcyclomatic-complexity -MMD -MP -MF"Drivers/OLED/ssd1306/ssd1306_fonts.d" -MT"Drivers/OLED/ssd1306/ssd1306_fonts.o" --specs=nano.specs -mfpu=fpv4-sp-d16 -mfloat-abi=hard -mthumb -o "Drivers/OLED/ssd1306/ssd1306_fonts.o"
arm-none-eabi-gcc "../Drivers/OLED/ssd1306/ssd1306_tests.c" -mcpu=cortex-m4 -std=gnu11 -g3 -DDEBUG -DUSE_HAL_DRIVER -DSTM32F411xE -c -I../Core/Inc -I../Drivers/STM32F4xx_HAL_Driver/Inc -I../Drivers/STM32F4xx_HAL_Driver/Inc/Legacy -I../Drivers/CMSIS/Device/ST/STM32F4xx/Include -I../Drivers/CMSIS/Include -O0 -ffunction-sections -fdata-sections -Wall -fstack-usage -fcyclomatic-complexity -MMD -MP -MF"Drivers/OLED/ssd1306/ssd1306_tests.d" -MT"Drivers/OLED/ssd1306/ssd1306_tests.o" --specs=nano.specs -mfpu=fpv4-sp-d16 -mfloat-abi=hard -mthumb -o "Drivers/OLED/ssd1306/ssd1306_tests.o"
arm-none-eabi-gcc "../Core/Src/main.c" -mcpu=cortex-m4 -std=gnu11 -g3 -DDEBUG -DUSE_HAL_DRIVER -DSTM32F411xE -c -I../Core/Inc -I../Drivers/STM32F4xx_HAL_Driver/Inc -I../Drivers/STM32F4xx_HAL_Driver/Inc/Legacy -I../Drivers/CMSIS/Device/ST/STM32F4xx/Include -I../Drivers/CMSIS/Include -O0 -ffunction-sections -fdata-sections -Wall -fstack-usage -fcyclomatic-complexity -MMD -MP -MF"Core/Src/main.d" -MT"Core/Src/main.o" --specs=nano.specs -mfpu=fpv4-sp-d16 -mfloat-abi=hard -mthumb -o "Core/Src/main.o"
../Core/Src/main.c:21:10: fatal error: Statechart.h: No such file or directory
   21 | #include "Statechart.h"
      |          ^~~~~~~~~~~~~~
compilation terminated.
make: *** [Core/Src/subdir.mk:34: Core/Src/main.o] Error 1
make: *** Waiting for unfinished jobs....
"make -j12 all" terminated with exit code 2. Build might be incomplete.
09:22:02 **** Incremental Build of configuration Debug for project STM_Monitor ****
make -j12 all 
arm-none-eabi-gcc "../Core/Src/main.c" -mcpu=cortex-m4 -std=gnu11 -g3 -DDEBUG -DUSE_HAL_DRIVER -DSTM32F411xE -c -I../Core/Inc -I../Drivers/STM32F4xx_HAL_Driver/Inc -I../Drivers/STM32F4xx_HAL_Driver/Inc/Legacy -I../Drivers/CMSIS/Device/ST/STM32F4xx/Include -I../Drivers/CMSIS/Include -O0 -ffunction-sections -fdata-sections -Wall -fstack-usage -fcyclomatic-complexity -MMD -MP -MF"Core/Src/main.d" -MT"Core/Src/main.o" --specs=nano.specs -mfpu=fpv4-sp-d16 -mfloat-abi=hard -mthumb -o "Core/Src/main.o"
../Core/Src/main.c:21:10: fatal error: Statechart.h: No such file or directory
   21 | #include "Statechart.h"
      |          ^~~~~~~~~~~~~~
compilation terminated.
make: *** [Core/Src/subdir.mk:34: Core/Src/main.o] Error 1
"make -j12 all" terminated with exit code 2. Build might be incomplete.
09:23:45 **** Incremental Build of configuration Debug for project STM_Monitor ****
make -j12 all 
arm-none-eabi-gcc "../Drivers/STM32F4xx_HAL_Driver/Src/stm32f4xx_hal.c" -mcpu=cortex-m4 -std=gnu11 -g3 -DDEBUG -DUSE_HAL_DRIVER -DSTM32F411xE -c -I../Core/Inc -I"C:/Users/klima/OneDrive - Kaunas University of Technology/stm_sensor_temp_1/stmIdeCode/STM_Monitor/Drivers/OLED/ssd1306" -I"C:/Users/klima/OneDrive - Kaunas University of Technology/stm_sensor_temp_1/STMFSMmodel" -I"C:/Users/klima/OneDrive - Kaunas University of Technology/stm_sensor_temp_1/STMFSMmodel/src-gen" -I"C:/Users/klima/OneDrive - Kaunas University of Technology/stm_sensor_temp_1/STMFSMmodel/src" -I../Drivers/STM32F4xx_HAL_Driver/Inc -I../Drivers/STM32F4xx_HAL_Driver/Inc/Legacy -I../Drivers/CMSIS/Device/ST/STM32F4xx/Include -I../Drivers/CMSIS/Include -O0 -ffunction-sections -fdata-sections -Wall -fstack-usage -fcyclomatic-complexity -MMD -MP -MF"Drivers/STM32F4xx_HAL_Driver/Src/stm32f4xx_hal.d" -MT"Drivers/STM32F4xx_HAL_Driver/Src/stm32f4xx_hal.o" --specs=nano.specs -mfpu=fpv4-sp-d16 -mfloat-abi=hard -mthumb -o "Drivers/STM32F4xx_HAL_Driver/Src/stm32f4xx_hal.o"
arm-none-eabi-gcc "../Drivers/STM32F4xx_HAL_Driver/Src/stm32f4xx_hal_cortex.c" -mcpu=cortex-m4 -std=gnu11 -g3 -DDEBUG -DUSE_HAL_DRIVER -DSTM32F411xE -c -I../Core/Inc -I"C:/Users/klima/OneDrive - Kaunas University of Technology/stm_sensor_temp_1/stmIdeCode/STM_Monitor/Drivers/OLED/ssd1306" -I"C:/Users/klima/OneDrive - Kaunas University of Technology/stm_sensor_temp_1/STMFSMmodel" -I"C:/Users/klima/OneDrive - Kaunas University of Technology/stm_sensor_temp_1/STMFSMmodel/src-gen" -I"C:/Users/klima/OneDrive - Kaunas University of Technology/stm_sensor_temp_1/STMFSMmodel/src" -I../Drivers/STM32F4xx_HAL_Driver/Inc -I../Drivers/STM32F4xx_HAL_Driver/Inc/Legacy -I../Drivers/CMSIS/Device/ST/STM32F4xx/Include -I../Drivers/CMSIS/Include -O0 -ffunction-sections -fdata-sections -Wall -fstack-usage -fcyclomatic-complexity -MMD -MP -MF"Drivers/STM32F4xx_HAL_Driver/Src/stm32f4xx_hal_cortex.d" -MT"Drivers/STM32F4xx_HAL_Driver/Src/stm32f4xx_hal_cortex.o" --specs=nano.specs -mfpu=fpv4-sp-d16 -mfloat-abi=hard -mthumb -o "Drivers/STM32F4xx_HAL_Driver/Src/stm32f4xx_hal_cortex.o"
arm-none-eabi-gcc "../Drivers/STM32F4xx_HAL_Driver/Src/stm32f4xx_hal_dma.c" -mcpu=cortex-m4 -std=gnu11 -g3 -DDEBUG -DUSE_HAL_DRIVER -DSTM32F411xE -c -I../Core/Inc -I"C:/Users/klima/OneDrive - Kaunas University of Technology/stm_sensor_temp_1/stmIdeCode/STM_Monitor/Drivers/OLED/ssd1306" -I"C:/Users/klima/OneDrive - Kaunas University of Technology/stm_sensor_temp_1/STMFSMmodel" -I"C:/Users/klima/OneDrive - Kaunas University of Technology/stm_sensor_temp_1/STMFSMmodel/src-gen" -I"C:/Users/klima/OneDrive - Kaunas University of Technology/stm_sensor_temp_1/STMFSMmodel/src" -I../Drivers/STM32F4xx_HAL_Driver/Inc -I../Drivers/STM32F4xx_HAL_Driver/Inc/Legacy -I../Drivers/CMSIS/Device/ST/STM32F4xx/Include -I../Drivers/CMSIS/Include -O0 -ffunction-sections -fdata-sections -Wall -fstack-usage -fcyclomatic-complexity -MMD -MP -MF"Drivers/STM32F4xx_HAL_Driver/Src/stm32f4xx_hal_dma.d" -MT"Drivers/STM32F4xx_HAL_Driver/Src/stm32f4xx_hal_dma.o" --specs=nano.specs -mfpu=fpv4-sp-d16 -mfloat-abi=hard -mthumb -o "Drivers/STM32F4xx_HAL_Driver/Src/stm32f4xx_hal_dma.o"
arm-none-eabi-gcc "../Drivers/STM32F4xx_HAL_Driver/Src/stm32f4xx_hal_dma_ex.c" -mcpu=cortex-m4 -std=gnu11 -g3 -DDEBUG -DUSE_HAL_DRIVER -DSTM32F411xE -c -I../Core/Inc -I"C:/Users/klima/OneDrive - Kaunas University of Technology/stm_sensor_temp_1/stmIdeCode/STM_Monitor/Drivers/OLED/ssd1306" -I"C:/Users/klima/OneDrive - Kaunas University of Technology/stm_sensor_temp_1/STMFSMmodel" -I"C:/Users/klima/OneDrive - Kaunas University of Technology/stm_sensor_temp_1/STMFSMmodel/src-gen" -I"C:/Users/klima/OneDrive - Kaunas University of Technology/stm_sensor_temp_1/STMFSMmodel/src" -I../Drivers/STM32F4xx_HAL_Driver/Inc -I../Drivers/STM32F4xx_HAL_Driver/Inc/Legacy -I../Drivers/CMSIS/Device/ST/STM32F4xx/Include -I../Drivers/CMSIS/Include -O0 -ffunction-sections -fdata-sections -Wall -fstack-usage -fcyclomatic-complexity -MMD -MP -MF"Drivers/STM32F4xx_HAL_Driver/Src/stm32f4xx_hal_dma_ex.d" -MT"Drivers/STM32F4xx_HAL_Driver/Src/stm32f4xx_hal_dma_ex.o" --specs=nano.specs -mfpu=fpv4-sp-d16 -mfloat-abi=hard -mthumb -o "Drivers/STM32F4xx_HAL_Driver/Src/stm32f4xx_hal_dma_ex.o"
arm-none-eabi-gcc "../Drivers/STM32F4xx_HAL_Driver/Src/stm32f4xx_hal_exti.c" -mcpu=cortex-m4 -std=gnu11 -g3 -DDEBUG -DUSE_HAL_DRIVER -DSTM32F411xE -c -I../Core/Inc -I"C:/Users/klima/OneDrive - Kaunas University of Technology/stm_sensor_temp_1/stmIdeCode/STM_Monitor/Drivers/OLED/ssd1306" -I"C:/Users/klima/OneDrive - Kaunas University of Technology/stm_sensor_temp_1/STMFSMmodel" -I"C:/Users/klima/OneDrive - Kaunas University of Technology/stm_sensor_temp_1/STMFSMmodel/src-gen" -I"C:/Users/klima/OneDrive - Kaunas University of Technology/stm_sensor_temp_1/STMFSMmodel/src" -I../Drivers/STM32F4xx_HAL_Driver/Inc -I../Drivers/STM32F4xx_HAL_Driver/Inc/Legacy -I../Drivers/CMSIS/Device/ST/STM32F4xx/Include -I../Drivers/CMSIS/Include -O0 -ffunction-sections -fdata-sections -Wall -fstack-usage -fcyclomatic-complexity -MMD -MP -MF"Drivers/STM32F4xx_HAL_Driver/Src/stm32f4xx_hal_exti.d" -MT"Drivers/STM32F4xx_HAL_Driver/Src/stm32f4xx_hal_exti.o" --specs=nano.specs -mfpu=fpv4-sp-d16 -mfloat-abi=hard -mthumb -o "Drivers/STM32F4xx_HAL_Driver/Src/stm32f4xx_hal_exti.o"
arm-none-eabi-gcc "../Drivers/STM32F4xx_HAL_Driver/Src/stm32f4xx_hal_flash.c" -mcpu=cortex-m4 -std=gnu11 -g3 -DDEBUG -DUSE_HAL_DRIVER -DSTM32F411xE -c -I../Core/Inc -I"C:/Users/klima/OneDrive - Kaunas University of Technology/stm_sensor_temp_1/stmIdeCode/STM_Monitor/Drivers/OLED/ssd1306" -I"C:/Users/klima/OneDrive - Kaunas University of Technology/stm_sensor_temp_1/STMFSMmodel" -I"C:/Users/klima/OneDrive - Kaunas University of Technology/stm_sensor_temp_1/STMFSMmodel/src-gen" -I"C:/Users/klima/OneDrive - Kaunas University of Technology/stm_sensor_temp_1/STMFSMmodel/src" -I../Drivers/STM32F4xx_HAL_Driver/Inc -I../Drivers/STM32F4xx_HAL_Driver/Inc/Legacy -I../Drivers/CMSIS/Device/ST/STM32F4xx/Include -I../Drivers/CMSIS/Include -O0 -ffunction-sections -fdata-sections -Wall -fstack-usage -fcyclomatic-complexity -MMD -MP -MF"Drivers/STM32F4xx_HAL_Driver/Src/stm32f4xx_hal_flash.d" -MT"Drivers/STM32F4xx_HAL_Driver/Src/stm32f4xx_hal_flash.o" --specs=nano.specs -mfpu=fpv4-sp-d16 -mfloat-abi=hard -mthumb -o "Drivers/STM32F4xx_HAL_Driver/Src/stm32f4xx_hal_flash.o"
arm-none-eabi-gcc "../Drivers/STM32F4xx_HAL_Driver/Src/stm32f4xx_hal_flash_ex.c" -mcpu=cortex-m4 -std=gnu11 -g3 -DDEBUG -DUSE_HAL_DRIVER -DSTM32F411xE -c -I../Core/Inc -I"C:/Users/klima/OneDrive - Kaunas University of Technology/stm_sensor_temp_1/stmIdeCode/STM_Monitor/Drivers/OLED/ssd1306" -I"C:/Users/klima/OneDrive - Kaunas University of Technology/stm_sensor_temp_1/STMFSMmodel" -I"C:/Users/klima/OneDrive - Kaunas University of Technology/stm_sensor_temp_1/STMFSMmodel/src-gen" -I"C:/Users/klima/OneDrive - Kaunas University of Technology/stm_sensor_temp_1/STMFSMmodel/src" -I../Drivers/STM32F4xx_HAL_Driver/Inc -I../Drivers/STM32F4xx_HAL_Driver/Inc/Legacy -I../Drivers/CMSIS/Device/ST/STM32F4xx/Include -I../Drivers/CMSIS/Include -O0 -ffunction-sections -fdata-sections -Wall -fstack-usage -fcyclomatic-complexity -MMD -MP -MF"Drivers/STM32F4xx_HAL_Driver/Src/stm32f4xx_hal_flash_ex.d" -MT"Drivers/STM32F4xx_HAL_Driver/Src/stm32f4xx_hal_flash_ex.o" --specs=nano.specs -mfpu=fpv4-sp-d16 -mfloat-abi=hard -mthumb -o "Drivers/STM32F4xx_HAL_Driver/Src/stm32f4xx_hal_flash_ex.o"
arm-none-eabi-gcc "../Drivers/STM32F4xx_HAL_Driver/Src/stm32f4xx_hal_flash_ramfunc.c" -mcpu=cortex-m4 -std=gnu11 -g3 -DDEBUG -DUSE_HAL_DRIVER -DSTM32F411xE -c -I../Core/Inc -I"C:/Users/klima/OneDrive - Kaunas University of Technology/stm_sensor_temp_1/stmIdeCode/STM_Monitor/Drivers/OLED/ssd1306" -I"C:/Users/klima/OneDrive - Kaunas University of Technology/stm_sensor_temp_1/STMFSMmodel" -I"C:/Users/klima/OneDrive - Kaunas University of Technology/stm_sensor_temp_1/STMFSMmodel/src-gen" -I"C:/Users/klima/OneDrive - Kaunas University of Technology/stm_sensor_temp_1/STMFSMmodel/src" -I../Drivers/STM32F4xx_HAL_Driver/Inc -I../Drivers/STM32F4xx_HAL_Driver/Inc/Legacy -I../Drivers/CMSIS/Device/ST/STM32F4xx/Include -I../Drivers/CMSIS/Include -O0 -ffunction-sections -fdata-sections -Wall -fstack-usage -fcyclomatic-complexity -MMD -MP -MF"Drivers/STM32F4xx_HAL_Driver/Src/stm32f4xx_hal_flash_ramfunc.d" -MT"Drivers/STM32F4xx_HAL_Driver/Src/stm32f4xx_hal_flash_ramfunc.o" --specs=nano.specs -mfpu=fpv4-sp-d16 -mfloat-abi=hard -mthumb -o "Drivers/STM32F4xx_HAL_Driver/Src/stm32f4xx_hal_flash_ramfunc.o"
arm-none-eabi-gcc "../Drivers/STM32F4xx_HAL_Driver/Src/stm32f4xx_hal_gpio.c" -mcpu=cortex-m4 -std=gnu11 -g3 -DDEBUG -DUSE_HAL_DRIVER -DSTM32F411xE -c -I../Core/Inc -I"C:/Users/klima/OneDrive - Kaunas University of Technology/stm_sensor_temp_1/stmIdeCode/STM_Monitor/Drivers/OLED/ssd1306" -I"C:/Users/klima/OneDrive - Kaunas University of Technology/stm_sensor_temp_1/STMFSMmodel" -I"C:/Users/klima/OneDrive - Kaunas University of Technology/stm_sensor_temp_1/STMFSMmodel/src-gen" -I"C:/Users/klima/OneDrive - Kaunas University of Technology/stm_sensor_temp_1/STMFSMmodel/src" -I../Drivers/STM32F4xx_HAL_Driver/Inc -I../Drivers/STM32F4xx_HAL_Driver/Inc/Legacy -I../Drivers/CMSIS/Device/ST/STM32F4xx/Include -I../Drivers/CMSIS/Include -O0 -ffunction-sections -fdata-sections -Wall -fstack-usage -fcyclomatic-complexity -MMD -MP -MF"Drivers/STM32F4xx_HAL_Driver/Src/stm32f4xx_hal_gpio.d" -MT"Drivers/STM32F4xx_HAL_Driver/Src/stm32f4xx_hal_gpio.o" --specs=nano.specs -mfpu=fpv4-sp-d16 -mfloat-abi=hard -mthumb -o "Drivers/STM32F4xx_HAL_Driver/Src/stm32f4xx_hal_gpio.o"
arm-none-eabi-gcc "../Drivers/STM32F4xx_HAL_Driver/Src/stm32f4xx_hal_i2c.c" -mcpu=cortex-m4 -std=gnu11 -g3 -DDEBUG -DUSE_HAL_DRIVER -DSTM32F411xE -c -I../Core/Inc -I"C:/Users/klima/OneDrive - Kaunas University of Technology/stm_sensor_temp_1/stmIdeCode/STM_Monitor/Drivers/OLED/ssd1306" -I"C:/Users/klima/OneDrive - Kaunas University of Technology/stm_sensor_temp_1/STMFSMmodel" -I"C:/Users/klima/OneDrive - Kaunas University of Technology/stm_sensor_temp_1/STMFSMmodel/src-gen" -I"C:/Users/klima/OneDrive - Kaunas University of Technology/stm_sensor_temp_1/STMFSMmodel/src" -I../Drivers/STM32F4xx_HAL_Driver/Inc -I../Drivers/STM32F4xx_HAL_Driver/Inc/Legacy -I../Drivers/CMSIS/Device/ST/STM32F4xx/Include -I../Drivers/CMSIS/Include -O0 -ffunction-sections -fdata-sections -Wall -fstack-usage -fcyclomatic-complexity -MMD -MP -MF"Drivers/STM32F4xx_HAL_Driver/Src/stm32f4xx_hal_i2c.d" -MT"Drivers/STM32F4xx_HAL_Driver/Src/stm32f4xx_hal_i2c.o" --specs=nano.specs -mfpu=fpv4-sp-d16 -mfloat-abi=hard -mthumb -o "Drivers/STM32F4xx_HAL_Driver/Src/stm32f4xx_hal_i2c.o"
arm-none-eabi-gcc "../Drivers/STM32F4xx_HAL_Driver/Src/stm32f4xx_hal_i2c_ex.c" -mcpu=cortex-m4 -std=gnu11 -g3 -DDEBUG -DUSE_HAL_DRIVER -DSTM32F411xE -c -I../Core/Inc -I"C:/Users/klima/OneDrive - Kaunas University of Technology/stm_sensor_temp_1/stmIdeCode/STM_Monitor/Drivers/OLED/ssd1306" -I"C:/Users/klima/OneDrive - Kaunas University of Technology/stm_sensor_temp_1/STMFSMmodel" -I"C:/Users/klima/OneDrive - Kaunas University of Technology/stm_sensor_temp_1/STMFSMmodel/src-gen" -I"C:/Users/klima/OneDrive - Kaunas University of Technology/stm_sensor_temp_1/STMFSMmodel/src" -I../Drivers/STM32F4xx_HAL_Driver/Inc -I../Drivers/STM32F4xx_HAL_Driver/Inc/Legacy -I../Drivers/CMSIS/Device/ST/STM32F4xx/Include -I../Drivers/CMSIS/Include -O0 -ffunction-sections -fdata-sections -Wall -fstack-usage -fcyclomatic-complexity -MMD -MP -MF"Drivers/STM32F4xx_HAL_Driver/Src/stm32f4xx_hal_i2c_ex.d" -MT"Drivers/STM32F4xx_HAL_Driver/Src/stm32f4xx_hal_i2c_ex.o" --specs=nano.specs -mfpu=fpv4-sp-d16 -mfloat-abi=hard -mthumb -o "Drivers/STM32F4xx_HAL_Driver/Src/stm32f4xx_hal_i2c_ex.o"
arm-none-eabi-gcc "../Drivers/STM32F4xx_HAL_Driver/Src/stm32f4xx_hal_pwr.c" -mcpu=cortex-m4 -std=gnu11 -g3 -DDEBUG -DUSE_HAL_DRIVER -DSTM32F411xE -c -I../Core/Inc -I"C:/Users/klima/OneDrive - Kaunas University of Technology/stm_sensor_temp_1/stmIdeCode/STM_Monitor/Drivers/OLED/ssd1306" -I"C:/Users/klima/OneDrive - Kaunas University of Technology/stm_sensor_temp_1/STMFSMmodel" -I"C:/Users/klima/OneDrive - Kaunas University of Technology/stm_sensor_temp_1/STMFSMmodel/src-gen" -I"C:/Users/klima/OneDrive - Kaunas University of Technology/stm_sensor_temp_1/STMFSMmodel/src" -I../Drivers/STM32F4xx_HAL_Driver/Inc -I../Drivers/STM32F4xx_HAL_Driver/Inc/Legacy -I../Drivers/CMSIS/Device/ST/STM32F4xx/Include -I../Drivers/CMSIS/Include -O0 -ffunction-sections -fdata-sections -Wall -fstack-usage -fcyclomatic-complexity -MMD -MP -MF"Drivers/STM32F4xx_HAL_Driver/Src/stm32f4xx_hal_pwr.d" -MT"Drivers/STM32F4xx_HAL_Driver/Src/stm32f4xx_hal_pwr.o" --specs=nano.specs -mfpu=fpv4-sp-d16 -mfloat-abi=hard -mthumb -o "Drivers/STM32F4xx_HAL_Driver/Src/stm32f4xx_hal_pwr.o"
arm-none-eabi-gcc "../Drivers/STM32F4xx_HAL_Driver/Src/stm32f4xx_hal_pwr_ex.c" -mcpu=cortex-m4 -std=gnu11 -g3 -DDEBUG -DUSE_HAL_DRIVER -DSTM32F411xE -c -I../Core/Inc -I"C:/Users/klima/OneDrive - Kaunas University of Technology/stm_sensor_temp_1/stmIdeCode/STM_Monitor/Drivers/OLED/ssd1306" -I"C:/Users/klima/OneDrive - Kaunas University of Technology/stm_sensor_temp_1/STMFSMmodel" -I"C:/Users/klima/OneDrive - Kaunas University of Technology/stm_sensor_temp_1/STMFSMmodel/src-gen" -I"C:/Users/klima/OneDrive - Kaunas University of Technology/stm_sensor_temp_1/STMFSMmodel/src" -I../Drivers/STM32F4xx_HAL_Driver/Inc -I../Drivers/STM32F4xx_HAL_Driver/Inc/Legacy -I../Drivers/CMSIS/Device/ST/STM32F4xx/Include -I../Drivers/CMSIS/Include -O0 -ffunction-sections -fdata-sections -Wall -fstack-usage -fcyclomatic-complexity -MMD -MP -MF"Drivers/STM32F4xx_HAL_Driver/Src/stm32f4xx_hal_pwr_ex.d" -MT"Drivers/STM32F4xx_HAL_Driver/Src/stm32f4xx_hal_pwr_ex.o" --specs=nano.specs -mfpu=fpv4-sp-d16 -mfloat-abi=hard -mthumb -o "Drivers/STM32F4xx_HAL_Driver/Src/stm32f4xx_hal_pwr_ex.o"
arm-none-eabi-gcc "../Drivers/STM32F4xx_HAL_Driver/Src/stm32f4xx_hal_rcc.c" -mcpu=cortex-m4 -std=gnu11 -g3 -DDEBUG -DUSE_HAL_DRIVER -DSTM32F411xE -c -I../Core/Inc -I"C:/Users/klima/OneDrive - Kaunas University of Technology/stm_sensor_temp_1/stmIdeCode/STM_Monitor/Drivers/OLED/ssd1306" -I"C:/Users/klima/OneDrive - Kaunas University of Technology/stm_sensor_temp_1/STMFSMmodel" -I"C:/Users/klima/OneDrive - Kaunas University of Technology/stm_sensor_temp_1/STMFSMmodel/src-gen" -I"C:/Users/klima/OneDrive - Kaunas University of Technology/stm_sensor_temp_1/STMFSMmodel/src" -I../Drivers/STM32F4xx_HAL_Driver/Inc -I../Drivers/STM32F4xx_HAL_Driver/Inc/Legacy -I../Drivers/CMSIS/Device/ST/STM32F4xx/Include -I../Drivers/CMSIS/Include -O0 -ffunction-sections -fdata-sections -Wall -fstack-usage -fcyclomatic-complexity -MMD -MP -MF"Drivers/STM32F4xx_HAL_Driver/Src/stm32f4xx_hal_rcc.d" -MT"Drivers/STM32F4xx_HAL_Driver/Src/stm32f4xx_hal_rcc.o" --specs=nano.specs -mfpu=fpv4-sp-d16 -mfloat-abi=hard -mthumb -o "Drivers/STM32F4xx_HAL_Driver/Src/stm32f4xx_hal_rcc.o"
arm-none-eabi-gcc "../Drivers/STM32F4xx_HAL_Driver/Src/stm32f4xx_hal_rcc_ex.c" -mcpu=cortex-m4 -std=gnu11 -g3 -DDEBUG -DUSE_HAL_DRIVER -DSTM32F411xE -c -I../Core/Inc -I"C:/Users/klima/OneDrive - Kaunas University of Technology/stm_sensor_temp_1/stmIdeCode/STM_Monitor/Drivers/OLED/ssd1306" -I"C:/Users/klima/OneDrive - Kaunas University of Technology/stm_sensor_temp_1/STMFSMmodel" -I"C:/Users/klima/OneDrive - Kaunas University of Technology/stm_sensor_temp_1/STMFSMmodel/src-gen" -I"C:/Users/klima/OneDrive - Kaunas University of Technology/stm_sensor_temp_1/STMFSMmodel/src" -I../Drivers/STM32F4xx_HAL_Driver/Inc -I../Drivers/STM32F4xx_HAL_Driver/Inc/Legacy -I../Drivers/CMSIS/Device/ST/STM32F4xx/Include -I../Drivers/CMSIS/Include -O0 -ffunction-sections -fdata-sections -Wall -fstack-usage -fcyclomatic-complexity -MMD -MP -MF"Drivers/STM32F4xx_HAL_Driver/Src/stm32f4xx_hal_rcc_ex.d" -MT"Drivers/STM32F4xx_HAL_Driver/Src/stm32f4xx_hal_rcc_ex.o" --specs=nano.specs -mfpu=fpv4-sp-d16 -mfloat-abi=hard -mthumb -o "Drivers/STM32F4xx_HAL_Driver/Src/stm32f4xx_hal_rcc_ex.o"
arm-none-eabi-gcc "../Drivers/STM32F4xx_HAL_Driver/Src/stm32f4xx_hal_tim.c" -mcpu=cortex-m4 -std=gnu11 -g3 -DDEBUG -DUSE_HAL_DRIVER -DSTM32F411xE -c -I../Core/Inc -I"C:/Users/klima/OneDrive - Kaunas University of Technology/stm_sensor_temp_1/stmIdeCode/STM_Monitor/Drivers/OLED/ssd1306" -I"C:/Users/klima/OneDrive - Kaunas University of Technology/stm_sensor_temp_1/STMFSMmodel" -I"C:/Users/klima/OneDrive - Kaunas University of Technology/stm_sensor_temp_1/STMFSMmodel/src-gen" -I"C:/Users/klima/OneDrive - Kaunas University of Technology/stm_sensor_temp_1/STMFSMmodel/src" -I../Drivers/STM32F4xx_HAL_Driver/Inc -I../Drivers/STM32F4xx_HAL_Driver/Inc/Legacy -I../Drivers/CMSIS/Device/ST/STM32F4xx/Include -I../Drivers/CMSIS/Include -O0 -ffunction-sections -fdata-sections -Wall -fstack-usage -fcyclomatic-complexity -MMD -MP -MF"Drivers/STM32F4xx_HAL_Driver/Src/stm32f4xx_hal_tim.d" -MT"Drivers/STM32F4xx_HAL_Driver/Src/stm32f4xx_hal_tim.o" --specs=nano.specs -mfpu=fpv4-sp-d16 -mfloat-abi=hard -mthumb -o "Drivers/STM32F4xx_HAL_Driver/Src/stm32f4xx_hal_tim.o"
arm-none-eabi-gcc "../Drivers/STM32F4xx_HAL_Driver/Src/stm32f4xx_hal_tim_ex.c" -mcpu=cortex-m4 -std=gnu11 -g3 -DDEBUG -DUSE_HAL_DRIVER -DSTM32F411xE -c -I../Core/Inc -I"C:/Users/klima/OneDrive - Kaunas University of Technology/stm_sensor_temp_1/stmIdeCode/STM_Monitor/Drivers/OLED/ssd1306" -I"C:/Users/klima/OneDrive - Kaunas University of Technology/stm_sensor_temp_1/STMFSMmodel" -I"C:/Users/klima/OneDrive - Kaunas University of Technology/stm_sensor_temp_1/STMFSMmodel/src-gen" -I"C:/Users/klima/OneDrive - Kaunas University of Technology/stm_sensor_temp_1/STMFSMmodel/src" -I../Drivers/STM32F4xx_HAL_Driver/Inc -I../Drivers/STM32F4xx_HAL_Driver/Inc/Legacy -I../Drivers/CMSIS/Device/ST/STM32F4xx/Include -I../Drivers/CMSIS/Include -O0 -ffunction-sections -fdata-sections -Wall -fstack-usage -fcyclomatic-complexity -MMD -MP -MF"Drivers/STM32F4xx_HAL_Driver/Src/stm32f4xx_hal_tim_ex.d" -MT"Drivers/STM32F4xx_HAL_Driver/Src/stm32f4xx_hal_tim_ex.o" --specs=nano.specs -mfpu=fpv4-sp-d16 -mfloat-abi=hard -mthumb -o "Drivers/STM32F4xx_HAL_Driver/Src/stm32f4xx_hal_tim_ex.o"
arm-none-eabi-gcc "../Drivers/STM32F4xx_HAL_Driver/Src/stm32f4xx_hal_uart.c" -mcpu=cortex-m4 -std=gnu11 -g3 -DDEBUG -DUSE_HAL_DRIVER -DSTM32F411xE -c -I../Core/Inc -I"C:/Users/klima/OneDrive - Kaunas University of Technology/stm_sensor_temp_1/stmIdeCode/STM_Monitor/Drivers/OLED/ssd1306" -I"C:/Users/klima/OneDrive - Kaunas University of Technology/stm_sensor_temp_1/STMFSMmodel" -I"C:/Users/klima/OneDrive - Kaunas University of Technology/stm_sensor_temp_1/STMFSMmodel/src-gen" -I"C:/Users/klima/OneDrive - Kaunas University of Technology/stm_sensor_temp_1/STMFSMmodel/src" -I../Drivers/STM32F4xx_HAL_Driver/Inc -I../Drivers/STM32F4xx_HAL_Driver/Inc/Legacy -I../Drivers/CMSIS/Device/ST/STM32F4xx/Include -I../Drivers/CMSIS/Include -O0 -ffunction-sections -fdata-sections -Wall -fstack-usage -fcyclomatic-complexity -MMD -MP -MF"Drivers/STM32F4xx_HAL_Driver/Src/stm32f4xx_hal_uart.d" -MT"Drivers/STM32F4xx_HAL_Driver/Src/stm32f4xx_hal_uart.o" --specs=nano.specs -mfpu=fpv4-sp-d16 -mfloat-abi=hard -mthumb -o "Drivers/STM32F4xx_HAL_Driver/Src/stm32f4xx_hal_uart.o"
arm-none-eabi-gcc "../Drivers/OLED/ssd1306/ssd1306.c" -mcpu=cortex-m4 -std=gnu11 -g3 -DDEBUG -DUSE_HAL_DRIVER -DSTM32F411xE -c -I../Core/Inc -I"C:/Users/klima/OneDrive - Kaunas University of Technology/stm_sensor_temp_1/stmIdeCode/STM_Monitor/Drivers/OLED/ssd1306" -I"C:/Users/klima/OneDrive - Kaunas University of Technology/stm_sensor_temp_1/STMFSMmodel" -I"C:/Users/klima/OneDrive - Kaunas University of Technology/stm_sensor_temp_1/STMFSMmodel/src-gen" -I"C:/Users/klima/OneDrive - Kaunas University of Technology/stm_sensor_temp_1/STMFSMmodel/src" -I../Drivers/STM32F4xx_HAL_Driver/Inc -I../Drivers/STM32F4xx_HAL_Driver/Inc/Legacy -I../Drivers/CMSIS/Device/ST/STM32F4xx/Include -I../Drivers/CMSIS/Include -O0 -ffunction-sections -fdata-sections -Wall -fstack-usage -fcyclomatic-complexity -MMD -MP -MF"Drivers/OLED/ssd1306/ssd1306.d" -MT"Drivers/OLED/ssd1306/ssd1306.o" --specs=nano.specs -mfpu=fpv4-sp-d16 -mfloat-abi=hard -mthumb -o "Drivers/OLED/ssd1306/ssd1306.o"
arm-none-eabi-gcc "../Drivers/OLED/ssd1306/ssd1306_fonts.c" -mcpu=cortex-m4 -std=gnu11 -g3 -DDEBUG -DUSE_HAL_DRIVER -DSTM32F411xE -c -I../Core/Inc -I"C:/Users/klima/OneDrive - Kaunas University of Technology/stm_sensor_temp_1/stmIdeCode/STM_Monitor/Drivers/OLED/ssd1306" -I"C:/Users/klima/OneDrive - Kaunas University of Technology/stm_sensor_temp_1/STMFSMmodel" -I"C:/Users/klima/OneDrive - Kaunas University of Technology/stm_sensor_temp_1/STMFSMmodel/src-gen" -I"C:/Users/klima/OneDrive - Kaunas University of Technology/stm_sensor_temp_1/STMFSMmodel/src" -I../Drivers/STM32F4xx_HAL_Driver/Inc -I../Drivers/STM32F4xx_HAL_Driver/Inc/Legacy -I../Drivers/CMSIS/Device/ST/STM32F4xx/Include -I../Drivers/CMSIS/Include -O0 -ffunction-sections -fdata-sections -Wall -fstack-usage -fcyclomatic-complexity -MMD -MP -MF"Drivers/OLED/ssd1306/ssd1306_fonts.d" -MT"Drivers/OLED/ssd1306/ssd1306_fonts.o" --specs=nano.specs -mfpu=fpv4-sp-d16 -mfloat-abi=hard -mthumb -o "Drivers/OLED/ssd1306/ssd1306_fonts.o"
arm-none-eabi-gcc "../Drivers/OLED/ssd1306/ssd1306_tests.c" -mcpu=cortex-m4 -std=gnu11 -g3 -DDEBUG -DUSE_HAL_DRIVER -DSTM32F411xE -c -I../Core/Inc -I"C:/Users/klima/OneDrive - Kaunas University of Technology/stm_sensor_temp_1/stmIdeCode/STM_Monitor/Drivers/OLED/ssd1306" -I"C:/Users/klima/OneDrive - Kaunas University of Technology/stm_sensor_temp_1/STMFSMmodel" -I"C:/Users/klima/OneDrive - Kaunas University of Technology/stm_sensor_temp_1/STMFSMmodel/src-gen" -I"C:/Users/klima/OneDrive - Kaunas University of Technology/stm_sensor_temp_1/STMFSMmodel/src" -I../Drivers/STM32F4xx_HAL_Driver/Inc -I../Drivers/STM32F4xx_HAL_Driver/Inc/Legacy -I../Drivers/CMSIS/Device/ST/STM32F4xx/Include -I../Drivers/CMSIS/Include -O0 -ffunction-sections -fdata-sections -Wall -fstack-usage -fcyclomatic-complexity -MMD -MP -MF"Drivers/OLED/ssd1306/ssd1306_tests.d" -MT"Drivers/OLED/ssd1306/ssd1306_tests.o" --specs=nano.specs -mfpu=fpv4-sp-d16 -mfloat-abi=hard -mthumb -o "Drivers/OLED/ssd1306/ssd1306_tests.o"
arm-none-eabi-gcc "C:/Users/klima/OneDrive - Kaunas University of Technology/stm_sensor_temp_1/STMFSMmodel/src-gen/Statechart.c" -mcpu=cortex-m4 -std=gnu11 -g3 -DDEBUG -DUSE_HAL_DRIVER -DSTM32F411xE -c -I../Core/Inc -I"C:/Users/klima/OneDrive - Kaunas University of Technology/stm_sensor_temp_1/stmIdeCode/STM_Monitor/Drivers/OLED/ssd1306" -I"C:/Users/klima/OneDrive - Kaunas University of Technology/stm_sensor_temp_1/STMFSMmodel" -I"C:/Users/klima/OneDrive - Kaunas University of Technology/stm_sensor_temp_1/STMFSMmodel/src-gen" -I"C:/Users/klima/OneDrive - Kaunas University of Technology/stm_sensor_temp_1/STMFSMmodel/src" -I../Drivers/STM32F4xx_HAL_Driver/Inc -I../Drivers/STM32F4xx_HAL_Driver/Inc/Legacy -I../Drivers/CMSIS/Device/ST/STM32F4xx/Include -I../Drivers/CMSIS/Include -O0 -ffunction-sections -fdata-sections -Wall -fstack-usage -fcyclomatic-complexity -MMD -MP -MF"Core/src-gen/Statechart.d" -MT"Core/src-gen/Statechart.o" --specs=nano.specs -mfpu=fpv4-sp-d16 -mfloat-abi=hard -mthumb -o "Core/src-gen/Statechart.o"
arm-none-eabi-gcc "../Core/Src/main.c" -mcpu=cortex-m4 -std=gnu11 -g3 -DDEBUG -DUSE_HAL_DRIVER -DSTM32F411xE -c -I../Core/Inc -I"C:/Users/klima/OneDrive - Kaunas University of Technology/stm_sensor_temp_1/stmIdeCode/STM_Monitor/Drivers/OLED/ssd1306" -I"C:/Users/klima/OneDrive - Kaunas University of Technology/stm_sensor_temp_1/STMFSMmodel" -I"C:/Users/klima/OneDrive - Kaunas University of Technology/stm_sensor_temp_1/STMFSMmodel/src-gen" -I"C:/Users/klima/OneDrive - Kaunas University of Technology/stm_sensor_temp_1/STMFSMmodel/src" -I../Drivers/STM32F4xx_HAL_Driver/Inc -I../Drivers/STM32F4xx_HAL_Driver/Inc/Legacy -I../Drivers/CMSIS/Device/ST/STM32F4xx/Include -I../Drivers/CMSIS/Include -O0 -ffunction-sections -fdata-sections -Wall -fstack-usage -fcyclomatic-complexity -MMD -MP -MF"Core/Src/main.d" -MT"Core/Src/main.o" --specs=nano.specs -mfpu=fpv4-sp-d16 -mfloat-abi=hard -mthumb -o "Core/Src/main.o"
../Core/Src/main.c:72:1: warning: data definition has no type or storage class
   72 | ssd1306_Fill(White);
      | ^~~~~~~~~~~~
../Core/Src/main.c:72:1: error: type defaults to 'int' in declaration of 'ssd1306_Fill' [-Wimplicit-int]
../Core/Src/main.c:72:1: error: parameter names (without types) in function declaration [-Wdeclaration-missing-parameter-type]
../Core/Src/main.c:72:1: error: conflicting types for 'ssd1306_Fill'; have 'int()'
In file included from ../Core/Src/main.c:24:
C:/Users/klima/OneDrive - Kaunas University of Technology/stm_sensor_temp_1/stmIdeCode/STM_Monitor/Drivers/OLED/ssd1306/ssd1306.h:161:6: note: previous declaration of 'ssd1306_Fill' with type 'void(SSD1306_COLOR)'
  161 | void ssd1306_Fill(SSD1306_COLOR color);
      |      ^~~~~~~~~~~~
arm-none-eabi-gcc "../Core/Src/stm32f4xx_hal_msp.c" -mcpu=cortex-m4 -std=gnu11 -g3 -DDEBUG -DUSE_HAL_DRIVER -DSTM32F411xE -c -I../Core/Inc -I"C:/Users/klima/OneDrive - Kaunas University of Technology/stm_sensor_temp_1/stmIdeCode/STM_Monitor/Drivers/OLED/ssd1306" -I"C:/Users/klima/OneDrive - Kaunas University of Technology/stm_sensor_temp_1/STMFSMmodel" -I"C:/Users/klima/OneDrive - Kaunas University of Technology/stm_sensor_temp_1/STMFSMmodel/src-gen" -I"C:/Users/klima/OneDrive - Kaunas University of Technology/stm_sensor_temp_1/STMFSMmodel/src" -I../Drivers/STM32F4xx_HAL_Driver/Inc -I../Drivers/STM32F4xx_HAL_Driver/Inc/Legacy -I../Drivers/CMSIS/Device/ST/STM32F4xx/Include -I../Drivers/CMSIS/Include -O0 -ffunction-sections -fdata-sections -Wall -fstack-usage -fcyclomatic-complexity -MMD -MP -MF"Core/Src/stm32f4xx_hal_msp.d" -MT"Core/Src/stm32f4xx_hal_msp.o" --specs=nano.specs -mfpu=fpv4-sp-d16 -mfloat-abi=hard -mthumb -o "Core/Src/stm32f4xx_hal_msp.o"
make: *** [Core/Src/subdir.mk:34: Core/Src/main.o] Error 1
make: *** Waiting for unfinished jobs....
"make -j12 all" terminated with exit code 2. Build might be incomplete.
09:27:45 **** Incremental Build of configuration Debug for project STM_Monitor ****
make -j12 all 
arm-none-eabi-gcc "../Core/Src/main.c" -mcpu=cortex-m4 -std=gnu11 -g3 -DDEBUG -DUSE_HAL_DRIVER -DSTM32F411xE -c -I../Core/Inc -I"C:/Users/klima/OneDrive - Kaunas University of Technology/stm_sensor_temp_1/stmIdeCode/STM_Monitor/Drivers/OLED/ssd1306" -I"C:/Users/klima/OneDrive - Kaunas University of Technology/stm_sensor_temp_1/STMFSMmodel" -I"C:/Users/klima/OneDrive - Kaunas University of Technology/stm_sensor_temp_1/STMFSMmodel/src-gen" -I"C:/Users/klima/OneDrive - Kaunas University of Technology/stm_sensor_temp_1/STMFSMmodel/src" -I../Drivers/STM32F4xx_HAL_Driver/Inc -I../Drivers/STM32F4xx_HAL_Driver/Inc/Legacy -I../Drivers/CMSIS/Device/ST/STM32F4xx/Include -I../Drivers/CMSIS/Include -O0 -ffunction-sections -fdata-sections -Wall -fstack-usage -fcyclomatic-complexity -MMD -MP -MF"Core/Src/main.d" -MT"Core/Src/main.o" --specs=nano.specs -mfpu=fpv4-sp-d16 -mfloat-abi=hard -mthumb -o "Core/Src/main.o"
arm-none-eabi-gcc "../Core/Src/stm32f4xx_it.c" -mcpu=cortex-m4 -std=gnu11 -g3 -DDEBUG -DUSE_HAL_DRIVER -DSTM32F411xE -c -I../Core/Inc -I"C:/Users/klima/OneDrive - Kaunas University of Technology/stm_sensor_temp_1/stmIdeCode/STM_Monitor/Drivers/OLED/ssd1306" -I"C:/Users/klima/OneDrive - Kaunas University of Technology/stm_sensor_temp_1/STMFSMmodel" -I"C:/Users/klima/OneDrive - Kaunas University of Technology/stm_sensor_temp_1/STMFSMmodel/src-gen" -I"C:/Users/klima/OneDrive - Kaunas University of Technology/stm_sensor_temp_1/STMFSMmodel/src" -I../Drivers/STM32F4xx_HAL_Driver/Inc -I../Drivers/STM32F4xx_HAL_Driver/Inc/Legacy -I../Drivers/CMSIS/Device/ST/STM32F4xx/Include -I../Drivers/CMSIS/Include -O0 -ffunction-sections -fdata-sections -Wall -fstack-usage -fcyclomatic-complexity -MMD -MP -MF"Core/Src/stm32f4xx_it.d" -MT"Core/Src/stm32f4xx_it.o" --specs=nano.specs -mfpu=fpv4-sp-d16 -mfloat-abi=hard -mthumb -o "Core/Src/stm32f4xx_it.o"
arm-none-eabi-gcc "../Core/Src/syscalls.c" -mcpu=cortex-m4 -std=gnu11 -g3 -DDEBUG -DUSE_HAL_DRIVER -DSTM32F411xE -c -I../Core/Inc -I"C:/Users/klima/OneDrive - Kaunas University of Technology/stm_sensor_temp_1/stmIdeCode/STM_Monitor/Drivers/OLED/ssd1306" -I"C:/Users/klima/OneDrive - Kaunas University of Technology/stm_sensor_temp_1/STMFSMmodel" -I"C:/Users/klima/OneDrive - Kaunas University of Technology/stm_sensor_temp_1/STMFSMmodel/src-gen" -I"C:/Users/klima/OneDrive - Kaunas University of Technology/stm_sensor_temp_1/STMFSMmodel/src" -I../Drivers/STM32F4xx_HAL_Driver/Inc -I../Drivers/STM32F4xx_HAL_Driver/Inc/Legacy -I../Drivers/CMSIS/Device/ST/STM32F4xx/Include -I../Drivers/CMSIS/Include -O0 -ffunction-sections -fdata-sections -Wall -fstack-usage -fcyclomatic-complexity -MMD -MP -MF"Core/Src/syscalls.d" -MT"Core/Src/syscalls.o" --specs=nano.specs -mfpu=fpv4-sp-d16 -mfloat-abi=hard -mthumb -o "Core/Src/syscalls.o"
arm-none-eabi-gcc "../Core/Src/sysmem.c" -mcpu=cortex-m4 -std=gnu11 -g3 -DDEBUG -DUSE_HAL_DRIVER -DSTM32F411xE -c -I../Core/Inc -I"C:/Users/klima/OneDrive - Kaunas University of Technology/stm_sensor_temp_1/stmIdeCode/STM_Monitor/Drivers/OLED/ssd1306" -I"C:/Users/klima/OneDrive - Kaunas University of Technology/stm_sensor_temp_1/STMFSMmodel" -I"C:/Users/klima/OneDrive - Kaunas University of Technology/stm_sensor_temp_1/STMFSMmodel/src-gen" -I"C:/Users/klima/OneDrive - Kaunas University of Technology/stm_sensor_temp_1/STMFSMmodel/src" -I../Drivers/STM32F4xx_HAL_Driver/Inc -I../Drivers/STM32F4xx_HAL_Driver/Inc/Legacy -I../Drivers/CMSIS/Device/ST/STM32F4xx/Include -I../Drivers/CMSIS/Include -O0 -ffunction-sections -fdata-sections -Wall -fstack-usage -fcyclomatic-complexity -MMD -MP -MF"Core/Src/sysmem.d" -MT"Core/Src/sysmem.o" --specs=nano.specs -mfpu=fpv4-sp-d16 -mfloat-abi=hard -mthumb -o "Core/Src/sysmem.o"
arm-none-eabi-gcc "../Core/Src/system_stm32f4xx.c" -mcpu=cortex-m4 -std=gnu11 -g3 -DDEBUG -DUSE_HAL_DRIVER -DSTM32F411xE -c -I../Core/Inc -I"C:/Users/klima/OneDrive - Kaunas University of Technology/stm_sensor_temp_1/stmIdeCode/STM_Monitor/Drivers/OLED/ssd1306" -I"C:/Users/klima/OneDrive - Kaunas University of Technology/stm_sensor_temp_1/STMFSMmodel" -I"C:/Users/klima/OneDrive - Kaunas University of Technology/stm_sensor_temp_1/STMFSMmodel/src-gen" -I"C:/Users/klima/OneDrive - Kaunas University of Technology/stm_sensor_temp_1/STMFSMmodel/src" -I../Drivers/STM32F4xx_HAL_Driver/Inc -I../Drivers/STM32F4xx_HAL_Driver/Inc/Legacy -I../Drivers/CMSIS/Device/ST/STM32F4xx/Include -I../Drivers/CMSIS/Include -O0 -ffunction-sections -fdata-sections -Wall -fstack-usage -fcyclomatic-complexity -MMD -MP -MF"Core/Src/system_stm32f4xx.d" -MT"Core/Src/system_stm32f4xx.o" --specs=nano.specs -mfpu=fpv4-sp-d16 -mfloat-abi=hard -mthumb -o "Core/Src/system_stm32f4xx.o"
arm-none-eabi-gcc -o "STM_Monitor.elf" @"objects.list"   -mcpu=cortex-m4 -T"C:\Users\klima\OneDrive - Kaunas University of Technology\stm_sensor_temp_1\stmIdeCode\STM_Monitor\STM32F411CEUX_FLASH.ld" --specs=nosys.specs -Wl,-Map="STM_Monitor.map" -Wl,--gc-sections -static --specs=nano.specs -mfpu=fpv4-sp-d16 -mfloat-abi=hard -mthumb -Wl,--start-group -lc -lm -Wl,--end-group
Finished building target: STM_Monitor.elf
 
arm-none-eabi-size  STM_Monitor.elf 
arm-none-eabi-objdump -h -S STM_Monitor.elf  > "STM_Monitor.list"
   text	   data	    bss	    dec	    hex	filename
  11396	     12	   2316	  13724	   359c	STM_Monitor.elf
Finished building: default.size.stdout
 
Finished building: STM_Monitor.list
 
10:15:47 **** Incremental Build of configuration Debug for project STM_Monitor ****
make -j12 all 
arm-none-eabi-gcc "../Drivers/STM32F4xx_HAL_Driver/Src/stm32f4xx_hal.c" -mcpu=cortex-m4 -std=gnu11 -g3 -DDEBUG -DUSE_HAL_DRIVER -DSTM32F411xE -c -I../Core/Inc -I../Drivers/STM32F4xx_HAL_Driver/Inc -I"C:/Users/klima/Documents/GitHub/STM-temperature-and-humidity-monitor/STM_Monitor/Drivers/OLED/ssd1306" -I"C:/Users/klima/Documents/GitHub/STM-temperature-and-humidity-monitor/STM_Monitor/Drivers/STM32F4xx_HAL_Driver/Inc" -I"C:/Users/klima/Documents/GitHub/STM-temperature-and-humidity-monitor/STM_Monitor/Drivers/STM32F4xx_HAL_Driver/Src" -I"C:/Users/klima/Documents/GitHub/STM-temperature-and-humidity-monitor/STMFSMmodel/src-gen" -I"C:/Users/klima/Documents/GitHub/STM-temperature-and-humidity-monitor/STMFSMmodel/src" -I"C:/Users/klima/Documents/GitHub/STM-temperature-and-humidity-monitor/STM_Monitor/Drivers/OLED" -I../Drivers/STM32F4xx_HAL_Driver/Inc/Legacy -I../Drivers/CMSIS/Device/ST/STM32F4xx/Include -I../Drivers/CMSIS/Include -O0 -ffunction-sections -fdata-sections -Wall -fstack-usage -fcyclomatic-complexity -MMD -MP -MF"Drivers/STM32F4xx_HAL_Driver/Src/stm32f4xx_hal.d" -MT"Drivers/STM32F4xx_HAL_Driver/Src/stm32f4xx_hal.o" --specs=nano.specs -mfpu=fpv4-sp-d16 -mfloat-abi=hard -mthumb -o "Drivers/STM32F4xx_HAL_Driver/Src/stm32f4xx_hal.o"
arm-none-eabi-gcc "../Drivers/STM32F4xx_HAL_Driver/Src/stm32f4xx_hal_cortex.c" -mcpu=cortex-m4 -std=gnu11 -g3 -DDEBUG -DUSE_HAL_DRIVER -DSTM32F411xE -c -I../Core/Inc -I../Drivers/STM32F4xx_HAL_Driver/Inc -I"C:/Users/klima/Documents/GitHub/STM-temperature-and-humidity-monitor/STM_Monitor/Drivers/OLED/ssd1306" -I"C:/Users/klima/Documents/GitHub/STM-temperature-and-humidity-monitor/STM_Monitor/Drivers/STM32F4xx_HAL_Driver/Inc" -I"C:/Users/klima/Documents/GitHub/STM-temperature-and-humidity-monitor/STM_Monitor/Drivers/STM32F4xx_HAL_Driver/Src" -I"C:/Users/klima/Documents/GitHub/STM-temperature-and-humidity-monitor/STMFSMmodel/src-gen" -I"C:/Users/klima/Documents/GitHub/STM-temperature-and-humidity-monitor/STMFSMmodel/src" -I"C:/Users/klima/Documents/GitHub/STM-temperature-and-humidity-monitor/STM_Monitor/Drivers/OLED" -I../Drivers/STM32F4xx_HAL_Driver/Inc/Legacy -I../Drivers/CMSIS/Device/ST/STM32F4xx/Include -I../Drivers/CMSIS/Include -O0 -ffunction-sections -fdata-sections -Wall -fstack-usage -fcyclomatic-complexity -MMD -MP -MF"Drivers/STM32F4xx_HAL_Driver/Src/stm32f4xx_hal_cortex.d" -MT"Drivers/STM32F4xx_HAL_Driver/Src/stm32f4xx_hal_cortex.o" --specs=nano.specs -mfpu=fpv4-sp-d16 -mfloat-abi=hard -mthumb -o "Drivers/STM32F4xx_HAL_Driver/Src/stm32f4xx_hal_cortex.o"
arm-none-eabi-gcc "../Drivers/STM32F4xx_HAL_Driver/Src/stm32f4xx_hal_dma.c" -mcpu=cortex-m4 -std=gnu11 -g3 -DDEBUG -DUSE_HAL_DRIVER -DSTM32F411xE -c -I../Core/Inc -I../Drivers/STM32F4xx_HAL_Driver/Inc -I"C:/Users/klima/Documents/GitHub/STM-temperature-and-humidity-monitor/STM_Monitor/Drivers/OLED/ssd1306" -I"C:/Users/klima/Documents/GitHub/STM-temperature-and-humidity-monitor/STM_Monitor/Drivers/STM32F4xx_HAL_Driver/Inc" -I"C:/Users/klima/Documents/GitHub/STM-temperature-and-humidity-monitor/STM_Monitor/Drivers/STM32F4xx_HAL_Driver/Src" -I"C:/Users/klima/Documents/GitHub/STM-temperature-and-humidity-monitor/STMFSMmodel/src-gen" -I"C:/Users/klima/Documents/GitHub/STM-temperature-and-humidity-monitor/STMFSMmodel/src" -I"C:/Users/klima/Documents/GitHub/STM-temperature-and-humidity-monitor/STM_Monitor/Drivers/OLED" -I../Drivers/STM32F4xx_HAL_Driver/Inc/Legacy -I../Drivers/CMSIS/Device/ST/STM32F4xx/Include -I../Drivers/CMSIS/Include -O0 -ffunction-sections -fdata-sections -Wall -fstack-usage -fcyclomatic-complexity -MMD -MP -MF"Drivers/STM32F4xx_HAL_Driver/Src/stm32f4xx_hal_dma.d" -MT"Drivers/STM32F4xx_HAL_Driver/Src/stm32f4xx_hal_dma.o" --specs=nano.specs -mfpu=fpv4-sp-d16 -mfloat-abi=hard -mthumb -o "Drivers/STM32F4xx_HAL_Driver/Src/stm32f4xx_hal_dma.o"
arm-none-eabi-gcc "../Drivers/STM32F4xx_HAL_Driver/Src/stm32f4xx_hal_dma_ex.c" -mcpu=cortex-m4 -std=gnu11 -g3 -DDEBUG -DUSE_HAL_DRIVER -DSTM32F411xE -c -I../Core/Inc -I../Drivers/STM32F4xx_HAL_Driver/Inc -I"C:/Users/klima/Documents/GitHub/STM-temperature-and-humidity-monitor/STM_Monitor/Drivers/OLED/ssd1306" -I"C:/Users/klima/Documents/GitHub/STM-temperature-and-humidity-monitor/STM_Monitor/Drivers/STM32F4xx_HAL_Driver/Inc" -I"C:/Users/klima/Documents/GitHub/STM-temperature-and-humidity-monitor/STM_Monitor/Drivers/STM32F4xx_HAL_Driver/Src" -I"C:/Users/klima/Documents/GitHub/STM-temperature-and-humidity-monitor/STMFSMmodel/src-gen" -I"C:/Users/klima/Documents/GitHub/STM-temperature-and-humidity-monitor/STMFSMmodel/src" -I"C:/Users/klima/Documents/GitHub/STM-temperature-and-humidity-monitor/STM_Monitor/Drivers/OLED" -I../Drivers/STM32F4xx_HAL_Driver/Inc/Legacy -I../Drivers/CMSIS/Device/ST/STM32F4xx/Include -I../Drivers/CMSIS/Include -O0 -ffunction-sections -fdata-sections -Wall -fstack-usage -fcyclomatic-complexity -MMD -MP -MF"Drivers/STM32F4xx_HAL_Driver/Src/stm32f4xx_hal_dma_ex.d" -MT"Drivers/STM32F4xx_HAL_Driver/Src/stm32f4xx_hal_dma_ex.o" --specs=nano.specs -mfpu=fpv4-sp-d16 -mfloat-abi=hard -mthumb -o "Drivers/STM32F4xx_HAL_Driver/Src/stm32f4xx_hal_dma_ex.o"
arm-none-eabi-gcc "../Drivers/STM32F4xx_HAL_Driver/Src/stm32f4xx_hal_exti.c" -mcpu=cortex-m4 -std=gnu11 -g3 -DDEBUG -DUSE_HAL_DRIVER -DSTM32F411xE -c -I../Core/Inc -I../Drivers/STM32F4xx_HAL_Driver/Inc -I"C:/Users/klima/Documents/GitHub/STM-temperature-and-humidity-monitor/STM_Monitor/Drivers/OLED/ssd1306" -I"C:/Users/klima/Documents/GitHub/STM-temperature-and-humidity-monitor/STM_Monitor/Drivers/STM32F4xx_HAL_Driver/Inc" -I"C:/Users/klima/Documents/GitHub/STM-temperature-and-humidity-monitor/STM_Monitor/Drivers/STM32F4xx_HAL_Driver/Src" -I"C:/Users/klima/Documents/GitHub/STM-temperature-and-humidity-monitor/STMFSMmodel/src-gen" -I"C:/Users/klima/Documents/GitHub/STM-temperature-and-humidity-monitor/STMFSMmodel/src" -I"C:/Users/klima/Documents/GitHub/STM-temperature-and-humidity-monitor/STM_Monitor/Drivers/OLED" -I../Drivers/STM32F4xx_HAL_Driver/Inc/Legacy -I../Drivers/CMSIS/Device/ST/STM32F4xx/Include -I../Drivers/CMSIS/Include -O0 -ffunction-sections -fdata-sections -Wall -fstack-usage -fcyclomatic-complexity -MMD -MP -MF"Drivers/STM32F4xx_HAL_Driver/Src/stm32f4xx_hal_exti.d" -MT"Drivers/STM32F4xx_HAL_Driver/Src/stm32f4xx_hal_exti.o" --specs=nano.specs -mfpu=fpv4-sp-d16 -mfloat-abi=hard -mthumb -o "Drivers/STM32F4xx_HAL_Driver/Src/stm32f4xx_hal_exti.o"
arm-none-eabi-gcc "../Drivers/STM32F4xx_HAL_Driver/Src/stm32f4xx_hal_flash.c" -mcpu=cortex-m4 -std=gnu11 -g3 -DDEBUG -DUSE_HAL_DRIVER -DSTM32F411xE -c -I../Core/Inc -I../Drivers/STM32F4xx_HAL_Driver/Inc -I"C:/Users/klima/Documents/GitHub/STM-temperature-and-humidity-monitor/STM_Monitor/Drivers/OLED/ssd1306" -I"C:/Users/klima/Documents/GitHub/STM-temperature-and-humidity-monitor/STM_Monitor/Drivers/STM32F4xx_HAL_Driver/Inc" -I"C:/Users/klima/Documents/GitHub/STM-temperature-and-humidity-monitor/STM_Monitor/Drivers/STM32F4xx_HAL_Driver/Src" -I"C:/Users/klima/Documents/GitHub/STM-temperature-and-humidity-monitor/STMFSMmodel/src-gen" -I"C:/Users/klima/Documents/GitHub/STM-temperature-and-humidity-monitor/STMFSMmodel/src" -I"C:/Users/klima/Documents/GitHub/STM-temperature-and-humidity-monitor/STM_Monitor/Drivers/OLED" -I../Drivers/STM32F4xx_HAL_Driver/Inc/Legacy -I../Drivers/CMSIS/Device/ST/STM32F4xx/Include -I../Drivers/CMSIS/Include -O0 -ffunction-sections -fdata-sections -Wall -fstack-usage -fcyclomatic-complexity -MMD -MP -MF"Drivers/STM32F4xx_HAL_Driver/Src/stm32f4xx_hal_flash.d" -MT"Drivers/STM32F4xx_HAL_Driver/Src/stm32f4xx_hal_flash.o" --specs=nano.specs -mfpu=fpv4-sp-d16 -mfloat-abi=hard -mthumb -o "Drivers/STM32F4xx_HAL_Driver/Src/stm32f4xx_hal_flash.o"
arm-none-eabi-gcc "../Drivers/STM32F4xx_HAL_Driver/Src/stm32f4xx_hal_flash_ex.c" -mcpu=cortex-m4 -std=gnu11 -g3 -DDEBUG -DUSE_HAL_DRIVER -DSTM32F411xE -c -I../Core/Inc -I../Drivers/STM32F4xx_HAL_Driver/Inc -I"C:/Users/klima/Documents/GitHub/STM-temperature-and-humidity-monitor/STM_Monitor/Drivers/OLED/ssd1306" -I"C:/Users/klima/Documents/GitHub/STM-temperature-and-humidity-monitor/STM_Monitor/Drivers/STM32F4xx_HAL_Driver/Inc" -I"C:/Users/klima/Documents/GitHub/STM-temperature-and-humidity-monitor/STM_Monitor/Drivers/STM32F4xx_HAL_Driver/Src" -I"C:/Users/klima/Documents/GitHub/STM-temperature-and-humidity-monitor/STMFSMmodel/src-gen" -I"C:/Users/klima/Documents/GitHub/STM-temperature-and-humidity-monitor/STMFSMmodel/src" -I"C:/Users/klima/Documents/GitHub/STM-temperature-and-humidity-monitor/STM_Monitor/Drivers/OLED" -I../Drivers/STM32F4xx_HAL_Driver/Inc/Legacy -I../Drivers/CMSIS/Device/ST/STM32F4xx/Include -I../Drivers/CMSIS/Include -O0 -ffunction-sections -fdata-sections -Wall -fstack-usage -fcyclomatic-complexity -MMD -MP -MF"Drivers/STM32F4xx_HAL_Driver/Src/stm32f4xx_hal_flash_ex.d" -MT"Drivers/STM32F4xx_HAL_Driver/Src/stm32f4xx_hal_flash_ex.o" --specs=nano.specs -mfpu=fpv4-sp-d16 -mfloat-abi=hard -mthumb -o "Drivers/STM32F4xx_HAL_Driver/Src/stm32f4xx_hal_flash_ex.o"
arm-none-eabi-gcc "../Drivers/STM32F4xx_HAL_Driver/Src/stm32f4xx_hal_flash_ramfunc.c" -mcpu=cortex-m4 -std=gnu11 -g3 -DDEBUG -DUSE_HAL_DRIVER -DSTM32F411xE -c -I../Core/Inc -I../Drivers/STM32F4xx_HAL_Driver/Inc -I"C:/Users/klima/Documents/GitHub/STM-temperature-and-humidity-monitor/STM_Monitor/Drivers/OLED/ssd1306" -I"C:/Users/klima/Documents/GitHub/STM-temperature-and-humidity-monitor/STM_Monitor/Drivers/STM32F4xx_HAL_Driver/Inc" -I"C:/Users/klima/Documents/GitHub/STM-temperature-and-humidity-monitor/STM_Monitor/Drivers/STM32F4xx_HAL_Driver/Src" -I"C:/Users/klima/Documents/GitHub/STM-temperature-and-humidity-monitor/STMFSMmodel/src-gen" -I"C:/Users/klima/Documents/GitHub/STM-temperature-and-humidity-monitor/STMFSMmodel/src" -I"C:/Users/klima/Documents/GitHub/STM-temperature-and-humidity-monitor/STM_Monitor/Drivers/OLED" -I../Drivers/STM32F4xx_HAL_Driver/Inc/Legacy -I../Drivers/CMSIS/Device/ST/STM32F4xx/Include -I../Drivers/CMSIS/Include -O0 -ffunction-sections -fdata-sections -Wall -fstack-usage -fcyclomatic-complexity -MMD -MP -MF"Drivers/STM32F4xx_HAL_Driver/Src/stm32f4xx_hal_flash_ramfunc.d" -MT"Drivers/STM32F4xx_HAL_Driver/Src/stm32f4xx_hal_flash_ramfunc.o" --specs=nano.specs -mfpu=fpv4-sp-d16 -mfloat-abi=hard -mthumb -o "Drivers/STM32F4xx_HAL_Driver/Src/stm32f4xx_hal_flash_ramfunc.o"
arm-none-eabi-gcc "../Drivers/STM32F4xx_HAL_Driver/Src/stm32f4xx_hal_gpio.c" -mcpu=cortex-m4 -std=gnu11 -g3 -DDEBUG -DUSE_HAL_DRIVER -DSTM32F411xE -c -I../Core/Inc -I../Drivers/STM32F4xx_HAL_Driver/Inc -I"C:/Users/klima/Documents/GitHub/STM-temperature-and-humidity-monitor/STM_Monitor/Drivers/OLED/ssd1306" -I"C:/Users/klima/Documents/GitHub/STM-temperature-and-humidity-monitor/STM_Monitor/Drivers/STM32F4xx_HAL_Driver/Inc" -I"C:/Users/klima/Documents/GitHub/STM-temperature-and-humidity-monitor/STM_Monitor/Drivers/STM32F4xx_HAL_Driver/Src" -I"C:/Users/klima/Documents/GitHub/STM-temperature-and-humidity-monitor/STMFSMmodel/src-gen" -I"C:/Users/klima/Documents/GitHub/STM-temperature-and-humidity-monitor/STMFSMmodel/src" -I"C:/Users/klima/Documents/GitHub/STM-temperature-and-humidity-monitor/STM_Monitor/Drivers/OLED" -I../Drivers/STM32F4xx_HAL_Driver/Inc/Legacy -I../Drivers/CMSIS/Device/ST/STM32F4xx/Include -I../Drivers/CMSIS/Include -O0 -ffunction-sections -fdata-sections -Wall -fstack-usage -fcyclomatic-complexity -MMD -MP -MF"Drivers/STM32F4xx_HAL_Driver/Src/stm32f4xx_hal_gpio.d" -MT"Drivers/STM32F4xx_HAL_Driver/Src/stm32f4xx_hal_gpio.o" --specs=nano.specs -mfpu=fpv4-sp-d16 -mfloat-abi=hard -mthumb -o "Drivers/STM32F4xx_HAL_Driver/Src/stm32f4xx_hal_gpio.o"
arm-none-eabi-gcc "../Drivers/STM32F4xx_HAL_Driver/Src/stm32f4xx_hal_i2c.c" -mcpu=cortex-m4 -std=gnu11 -g3 -DDEBUG -DUSE_HAL_DRIVER -DSTM32F411xE -c -I../Core/Inc -I../Drivers/STM32F4xx_HAL_Driver/Inc -I"C:/Users/klima/Documents/GitHub/STM-temperature-and-humidity-monitor/STM_Monitor/Drivers/OLED/ssd1306" -I"C:/Users/klima/Documents/GitHub/STM-temperature-and-humidity-monitor/STM_Monitor/Drivers/STM32F4xx_HAL_Driver/Inc" -I"C:/Users/klima/Documents/GitHub/STM-temperature-and-humidity-monitor/STM_Monitor/Drivers/STM32F4xx_HAL_Driver/Src" -I"C:/Users/klima/Documents/GitHub/STM-temperature-and-humidity-monitor/STMFSMmodel/src-gen" -I"C:/Users/klima/Documents/GitHub/STM-temperature-and-humidity-monitor/STMFSMmodel/src" -I"C:/Users/klima/Documents/GitHub/STM-temperature-and-humidity-monitor/STM_Monitor/Drivers/OLED" -I../Drivers/STM32F4xx_HAL_Driver/Inc/Legacy -I../Drivers/CMSIS/Device/ST/STM32F4xx/Include -I../Drivers/CMSIS/Include -O0 -ffunction-sections -fdata-sections -Wall -fstack-usage -fcyclomatic-complexity -MMD -MP -MF"Drivers/STM32F4xx_HAL_Driver/Src/stm32f4xx_hal_i2c.d" -MT"Drivers/STM32F4xx_HAL_Driver/Src/stm32f4xx_hal_i2c.o" --specs=nano.specs -mfpu=fpv4-sp-d16 -mfloat-abi=hard -mthumb -o "Drivers/STM32F4xx_HAL_Driver/Src/stm32f4xx_hal_i2c.o"
arm-none-eabi-gcc "../Drivers/STM32F4xx_HAL_Driver/Src/stm32f4xx_hal_i2c_ex.c" -mcpu=cortex-m4 -std=gnu11 -g3 -DDEBUG -DUSE_HAL_DRIVER -DSTM32F411xE -c -I../Core/Inc -I../Drivers/STM32F4xx_HAL_Driver/Inc -I"C:/Users/klima/Documents/GitHub/STM-temperature-and-humidity-monitor/STM_Monitor/Drivers/OLED/ssd1306" -I"C:/Users/klima/Documents/GitHub/STM-temperature-and-humidity-monitor/STM_Monitor/Drivers/STM32F4xx_HAL_Driver/Inc" -I"C:/Users/klima/Documents/GitHub/STM-temperature-and-humidity-monitor/STM_Monitor/Drivers/STM32F4xx_HAL_Driver/Src" -I"C:/Users/klima/Documents/GitHub/STM-temperature-and-humidity-monitor/STMFSMmodel/src-gen" -I"C:/Users/klima/Documents/GitHub/STM-temperature-and-humidity-monitor/STMFSMmodel/src" -I"C:/Users/klima/Documents/GitHub/STM-temperature-and-humidity-monitor/STM_Monitor/Drivers/OLED" -I../Drivers/STM32F4xx_HAL_Driver/Inc/Legacy -I../Drivers/CMSIS/Device/ST/STM32F4xx/Include -I../Drivers/CMSIS/Include -O0 -ffunction-sections -fdata-sections -Wall -fstack-usage -fcyclomatic-complexity -MMD -MP -MF"Drivers/STM32F4xx_HAL_Driver/Src/stm32f4xx_hal_i2c_ex.d" -MT"Drivers/STM32F4xx_HAL_Driver/Src/stm32f4xx_hal_i2c_ex.o" --specs=nano.specs -mfpu=fpv4-sp-d16 -mfloat-abi=hard -mthumb -o "Drivers/STM32F4xx_HAL_Driver/Src/stm32f4xx_hal_i2c_ex.o"
arm-none-eabi-gcc "../Drivers/STM32F4xx_HAL_Driver/Src/stm32f4xx_hal_pwr.c" -mcpu=cortex-m4 -std=gnu11 -g3 -DDEBUG -DUSE_HAL_DRIVER -DSTM32F411xE -c -I../Core/Inc -I../Drivers/STM32F4xx_HAL_Driver/Inc -I"C:/Users/klima/Documents/GitHub/STM-temperature-and-humidity-monitor/STM_Monitor/Drivers/OLED/ssd1306" -I"C:/Users/klima/Documents/GitHub/STM-temperature-and-humidity-monitor/STM_Monitor/Drivers/STM32F4xx_HAL_Driver/Inc" -I"C:/Users/klima/Documents/GitHub/STM-temperature-and-humidity-monitor/STM_Monitor/Drivers/STM32F4xx_HAL_Driver/Src" -I"C:/Users/klima/Documents/GitHub/STM-temperature-and-humidity-monitor/STMFSMmodel/src-gen" -I"C:/Users/klima/Documents/GitHub/STM-temperature-and-humidity-monitor/STMFSMmodel/src" -I"C:/Users/klima/Documents/GitHub/STM-temperature-and-humidity-monitor/STM_Monitor/Drivers/OLED" -I../Drivers/STM32F4xx_HAL_Driver/Inc/Legacy -I../Drivers/CMSIS/Device/ST/STM32F4xx/Include -I../Drivers/CMSIS/Include -O0 -ffunction-sections -fdata-sections -Wall -fstack-usage -fcyclomatic-complexity -MMD -MP -MF"Drivers/STM32F4xx_HAL_Driver/Src/stm32f4xx_hal_pwr.d" -MT"Drivers/STM32F4xx_HAL_Driver/Src/stm32f4xx_hal_pwr.o" --specs=nano.specs -mfpu=fpv4-sp-d16 -mfloat-abi=hard -mthumb -o "Drivers/STM32F4xx_HAL_Driver/Src/stm32f4xx_hal_pwr.o"
arm-none-eabi-gcc "../Drivers/STM32F4xx_HAL_Driver/Src/stm32f4xx_hal_pwr_ex.c" -mcpu=cortex-m4 -std=gnu11 -g3 -DDEBUG -DUSE_HAL_DRIVER -DSTM32F411xE -c -I../Core/Inc -I../Drivers/STM32F4xx_HAL_Driver/Inc -I"C:/Users/klima/Documents/GitHub/STM-temperature-and-humidity-monitor/STM_Monitor/Drivers/OLED/ssd1306" -I"C:/Users/klima/Documents/GitHub/STM-temperature-and-humidity-monitor/STM_Monitor/Drivers/STM32F4xx_HAL_Driver/Inc" -I"C:/Users/klima/Documents/GitHub/STM-temperature-and-humidity-monitor/STM_Monitor/Drivers/STM32F4xx_HAL_Driver/Src" -I"C:/Users/klima/Documents/GitHub/STM-temperature-and-humidity-monitor/STMFSMmodel/src-gen" -I"C:/Users/klima/Documents/GitHub/STM-temperature-and-humidity-monitor/STMFSMmodel/src" -I"C:/Users/klima/Documents/GitHub/STM-temperature-and-humidity-monitor/STM_Monitor/Drivers/OLED" -I../Drivers/STM32F4xx_HAL_Driver/Inc/Legacy -I../Drivers/CMSIS/Device/ST/STM32F4xx/Include -I../Drivers/CMSIS/Include -O0 -ffunction-sections -fdata-sections -Wall -fstack-usage -fcyclomatic-complexity -MMD -MP -MF"Drivers/STM32F4xx_HAL_Driver/Src/stm32f4xx_hal_pwr_ex.d" -MT"Drivers/STM32F4xx_HAL_Driver/Src/stm32f4xx_hal_pwr_ex.o" --specs=nano.specs -mfpu=fpv4-sp-d16 -mfloat-abi=hard -mthumb -o "Drivers/STM32F4xx_HAL_Driver/Src/stm32f4xx_hal_pwr_ex.o"
arm-none-eabi-gcc "../Drivers/STM32F4xx_HAL_Driver/Src/stm32f4xx_hal_rcc.c" -mcpu=cortex-m4 -std=gnu11 -g3 -DDEBUG -DUSE_HAL_DRIVER -DSTM32F411xE -c -I../Core/Inc -I../Drivers/STM32F4xx_HAL_Driver/Inc -I"C:/Users/klima/Documents/GitHub/STM-temperature-and-humidity-monitor/STM_Monitor/Drivers/OLED/ssd1306" -I"C:/Users/klima/Documents/GitHub/STM-temperature-and-humidity-monitor/STM_Monitor/Drivers/STM32F4xx_HAL_Driver/Inc" -I"C:/Users/klima/Documents/GitHub/STM-temperature-and-humidity-monitor/STM_Monitor/Drivers/STM32F4xx_HAL_Driver/Src" -I"C:/Users/klima/Documents/GitHub/STM-temperature-and-humidity-monitor/STMFSMmodel/src-gen" -I"C:/Users/klima/Documents/GitHub/STM-temperature-and-humidity-monitor/STMFSMmodel/src" -I"C:/Users/klima/Documents/GitHub/STM-temperature-and-humidity-monitor/STM_Monitor/Drivers/OLED" -I../Drivers/STM32F4xx_HAL_Driver/Inc/Legacy -I../Drivers/CMSIS/Device/ST/STM32F4xx/Include -I../Drivers/CMSIS/Include -O0 -ffunction-sections -fdata-sections -Wall -fstack-usage -fcyclomatic-complexity -MMD -MP -MF"Drivers/STM32F4xx_HAL_Driver/Src/stm32f4xx_hal_rcc.d" -MT"Drivers/STM32F4xx_HAL_Driver/Src/stm32f4xx_hal_rcc.o" --specs=nano.specs -mfpu=fpv4-sp-d16 -mfloat-abi=hard -mthumb -o "Drivers/STM32F4xx_HAL_Driver/Src/stm32f4xx_hal_rcc.o"
arm-none-eabi-gcc "../Drivers/STM32F4xx_HAL_Driver/Src/stm32f4xx_hal_rcc_ex.c" -mcpu=cortex-m4 -std=gnu11 -g3 -DDEBUG -DUSE_HAL_DRIVER -DSTM32F411xE -c -I../Core/Inc -I../Drivers/STM32F4xx_HAL_Driver/Inc -I"C:/Users/klima/Documents/GitHub/STM-temperature-and-humidity-monitor/STM_Monitor/Drivers/OLED/ssd1306" -I"C:/Users/klima/Documents/GitHub/STM-temperature-and-humidity-monitor/STM_Monitor/Drivers/STM32F4xx_HAL_Driver/Inc" -I"C:/Users/klima/Documents/GitHub/STM-temperature-and-humidity-monitor/STM_Monitor/Drivers/STM32F4xx_HAL_Driver/Src" -I"C:/Users/klima/Documents/GitHub/STM-temperature-and-humidity-monitor/STMFSMmodel/src-gen" -I"C:/Users/klima/Documents/GitHub/STM-temperature-and-humidity-monitor/STMFSMmodel/src" -I"C:/Users/klima/Documents/GitHub/STM-temperature-and-humidity-monitor/STM_Monitor/Drivers/OLED" -I../Drivers/STM32F4xx_HAL_Driver/Inc/Legacy -I../Drivers/CMSIS/Device/ST/STM32F4xx/Include -I../Drivers/CMSIS/Include -O0 -ffunction-sections -fdata-sections -Wall -fstack-usage -fcyclomatic-complexity -MMD -MP -MF"Drivers/STM32F4xx_HAL_Driver/Src/stm32f4xx_hal_rcc_ex.d" -MT"Drivers/STM32F4xx_HAL_Driver/Src/stm32f4xx_hal_rcc_ex.o" --specs=nano.specs -mfpu=fpv4-sp-d16 -mfloat-abi=hard -mthumb -o "Drivers/STM32F4xx_HAL_Driver/Src/stm32f4xx_hal_rcc_ex.o"
arm-none-eabi-gcc "../Drivers/STM32F4xx_HAL_Driver/Src/stm32f4xx_hal_tim.c" -mcpu=cortex-m4 -std=gnu11 -g3 -DDEBUG -DUSE_HAL_DRIVER -DSTM32F411xE -c -I../Core/Inc -I../Drivers/STM32F4xx_HAL_Driver/Inc -I"C:/Users/klima/Documents/GitHub/STM-temperature-and-humidity-monitor/STM_Monitor/Drivers/OLED/ssd1306" -I"C:/Users/klima/Documents/GitHub/STM-temperature-and-humidity-monitor/STM_Monitor/Drivers/STM32F4xx_HAL_Driver/Inc" -I"C:/Users/klima/Documents/GitHub/STM-temperature-and-humidity-monitor/STM_Monitor/Drivers/STM32F4xx_HAL_Driver/Src" -I"C:/Users/klima/Documents/GitHub/STM-temperature-and-humidity-monitor/STMFSMmodel/src-gen" -I"C:/Users/klima/Documents/GitHub/STM-temperature-and-humidity-monitor/STMFSMmodel/src" -I"C:/Users/klima/Documents/GitHub/STM-temperature-and-humidity-monitor/STM_Monitor/Drivers/OLED" -I../Drivers/STM32F4xx_HAL_Driver/Inc/Legacy -I../Drivers/CMSIS/Device/ST/STM32F4xx/Include -I../Drivers/CMSIS/Include -O0 -ffunction-sections -fdata-sections -Wall -fstack-usage -fcyclomatic-complexity -MMD -MP -MF"Drivers/STM32F4xx_HAL_Driver/Src/stm32f4xx_hal_tim.d" -MT"Drivers/STM32F4xx_HAL_Driver/Src/stm32f4xx_hal_tim.o" --specs=nano.specs -mfpu=fpv4-sp-d16 -mfloat-abi=hard -mthumb -o "Drivers/STM32F4xx_HAL_Driver/Src/stm32f4xx_hal_tim.o"
arm-none-eabi-gcc "../Drivers/STM32F4xx_HAL_Driver/Src/stm32f4xx_hal_tim_ex.c" -mcpu=cortex-m4 -std=gnu11 -g3 -DDEBUG -DUSE_HAL_DRIVER -DSTM32F411xE -c -I../Core/Inc -I../Drivers/STM32F4xx_HAL_Driver/Inc -I"C:/Users/klima/Documents/GitHub/STM-temperature-and-humidity-monitor/STM_Monitor/Drivers/OLED/ssd1306" -I"C:/Users/klima/Documents/GitHub/STM-temperature-and-humidity-monitor/STM_Monitor/Drivers/STM32F4xx_HAL_Driver/Inc" -I"C:/Users/klima/Documents/GitHub/STM-temperature-and-humidity-monitor/STM_Monitor/Drivers/STM32F4xx_HAL_Driver/Src" -I"C:/Users/klima/Documents/GitHub/STM-temperature-and-humidity-monitor/STMFSMmodel/src-gen" -I"C:/Users/klima/Documents/GitHub/STM-temperature-and-humidity-monitor/STMFSMmodel/src" -I"C:/Users/klima/Documents/GitHub/STM-temperature-and-humidity-monitor/STM_Monitor/Drivers/OLED" -I../Drivers/STM32F4xx_HAL_Driver/Inc/Legacy -I../Drivers/CMSIS/Device/ST/STM32F4xx/Include -I../Drivers/CMSIS/Include -O0 -ffunction-sections -fdata-sections -Wall -fstack-usage -fcyclomatic-complexity -MMD -MP -MF"Drivers/STM32F4xx_HAL_Driver/Src/stm32f4xx_hal_tim_ex.d" -MT"Drivers/STM32F4xx_HAL_Driver/Src/stm32f4xx_hal_tim_ex.o" --specs=nano.specs -mfpu=fpv4-sp-d16 -mfloat-abi=hard -mthumb -o "Drivers/STM32F4xx_HAL_Driver/Src/stm32f4xx_hal_tim_ex.o"
arm-none-eabi-gcc "../Drivers/STM32F4xx_HAL_Driver/Src/stm32f4xx_hal_uart.c" -mcpu=cortex-m4 -std=gnu11 -g3 -DDEBUG -DUSE_HAL_DRIVER -DSTM32F411xE -c -I../Core/Inc -I../Drivers/STM32F4xx_HAL_Driver/Inc -I"C:/Users/klima/Documents/GitHub/STM-temperature-and-humidity-monitor/STM_Monitor/Drivers/OLED/ssd1306" -I"C:/Users/klima/Documents/GitHub/STM-temperature-and-humidity-monitor/STM_Monitor/Drivers/STM32F4xx_HAL_Driver/Inc" -I"C:/Users/klima/Documents/GitHub/STM-temperature-and-humidity-monitor/STM_Monitor/Drivers/STM32F4xx_HAL_Driver/Src" -I"C:/Users/klima/Documents/GitHub/STM-temperature-and-humidity-monitor/STMFSMmodel/src-gen" -I"C:/Users/klima/Documents/GitHub/STM-temperature-and-humidity-monitor/STMFSMmodel/src" -I"C:/Users/klima/Documents/GitHub/STM-temperature-and-humidity-monitor/STM_Monitor/Drivers/OLED" -I../Drivers/STM32F4xx_HAL_Driver/Inc/Legacy -I../Drivers/CMSIS/Device/ST/STM32F4xx/Include -I../Drivers/CMSIS/Include -O0 -ffunction-sections -fdata-sections -Wall -fstack-usage -fcyclomatic-complexity -MMD -MP -MF"Drivers/STM32F4xx_HAL_Driver/Src/stm32f4xx_hal_uart.d" -MT"Drivers/STM32F4xx_HAL_Driver/Src/stm32f4xx_hal_uart.o" --specs=nano.specs -mfpu=fpv4-sp-d16 -mfloat-abi=hard -mthumb -o "Drivers/STM32F4xx_HAL_Driver/Src/stm32f4xx_hal_uart.o"
[...]
arm-none-eabi-gcc "../Drivers/STM32F4xx_HAL_Driver/Src/stm32f4xx_hal_tim_ex.c" -mcpu=cortex-m4 -std=gnu11 -g3 -DDEBUG -DUSE_HAL_DRIVER -DSTM32F411xE -c -I../Core/Inc -I"C:/Users/klima/Documents/GitHub/STM-temperature-and-humidity-monitor/STMFSMmodel/src" -I"C:/Users/klima/Documents/GitHub/STM-temperature-and-humidity-monitor/STMFSMmodel/src-gen" -I"C:/Users/klima/Documents/GitHub/STM-temperature-and-humidity-monitor/STM_Monitor/FSM" -I../Drivers/STM32F4xx_HAL_Driver/Inc -I"C:/Users/klima/Documents/GitHub/STM-temperature-and-humidity-monitor/STM_Monitor/Drivers/OLED/ssd1306" -I"C:/Users/klima/Documents/GitHub/STM-temperature-and-humidity-monitor/STM_Monitor/Drivers/STM32F4xx_HAL_Driver/Inc" -I"C:/Users/klima/Documents/GitHub/STM-temperature-and-humidity-monitor/STM_Monitor/Drivers/STM32F4xx_HAL_Driver/Src" -I"C:/Users/klima/Documents/GitHub/STM-temperature-and-humidity-monitor/STMFSMmodel/src-gen" -I"C:/Users/klima/Documents/GitHub/STM-temperature-and-humidity-monitor/STMFSMmodel/src" -I"C:/Users/klima/Documents/GitHub/STM-temperature-and-humidity-monitor/STM_Monitor/Drivers/OLED" -I../Drivers/STM32F4xx_HAL_Driver/Inc/Legacy -I../Drivers/CMSIS/Device/ST/STM32F4xx/Include -I../Drivers/CMSIS/Include -O0 -ffunction-sections -fdata-sections -Wall -fstack-usage -fcyclomatic-complexity -MMD -MP -MF"Drivers/STM32F4xx_HAL_Driver/Src/stm32f4xx_hal_tim_ex.d" -MT"Drivers/STM32F4xx_HAL_Driver/Src/stm32f4xx_hal_tim_ex.o"  -mfpu=fpv4-sp-d16 -mfloat-abi=hard -mthumb -o "Drivers/STM32F4xx_HAL_Driver/Src/stm32f4xx_hal_tim_ex.o"
arm-none-eabi-gcc "../Drivers/STM32F4xx_HAL_Driver/Src/stm32f4xx_hal_uart.c" -mcpu=cortex-m4 -std=gnu11 -g3 -DDEBUG -DUSE_HAL_DRIVER -DSTM32F411xE -c -I../Core/Inc -I"C:/Users/klima/Documents/GitHub/STM-temperature-and-humidity-monitor/STMFSMmodel/src" -I"C:/Users/klima/Documents/GitHub/STM-temperature-and-humidity-monitor/STMFSMmodel/src-gen" -I"C:/Users/klima/Documents/GitHub/STM-temperature-and-humidity-monitor/STM_Monitor/FSM" -I../Drivers/STM32F4xx_HAL_Driver/Inc -I"C:/Users/klima/Documents/GitHub/STM-temperature-and-humidity-monitor/STM_Monitor/Drivers/OLED/ssd1306" -I"C:/Users/klima/Documents/GitHub/STM-temperature-and-humidity-monitor/STM_Monitor/Drivers/STM32F4xx_HAL_Driver/Inc" -I"C:/Users/klima/Documents/GitHub/STM-temperature-and-humidity-monitor/STM_Monitor/Drivers/STM32F4xx_HAL_Driver/Src" -I"C:/Users/klima/Documents/GitHub/STM-temperature-and-humidity-monitor/STMFSMmodel/src-gen" -I"C:/Users/klima/Documents/GitHub/STM-temperature-and-humidity-monitor/STMFSMmodel/src" -I"C:/Users/klima/Documents/GitHub/STM-temperature-and-humidity-monitor/STM_Monitor/Drivers/OLED" -I../Drivers/STM32F4xx_HAL_Driver/Inc/Legacy -I../Drivers/CMSIS/Device/ST/STM32F4xx/Include -I../Drivers/CMSIS/Include -O0 -ffunction-sections -fdata-sections -Wall -fstack-usage -fcyclomatic-complexity -MMD -MP -MF"Drivers/STM32F4xx_HAL_Driver/Src/stm32f4xx_hal_uart.d" -MT"Drivers/STM32F4xx_HAL_Driver/Src/stm32f4xx_hal_uart.o"  -mfpu=fpv4-sp-d16 -mfloat-abi=hard -mthumb -o "Drivers/STM32F4xx_HAL_Driver/Src/stm32f4xx_hal_uart.o"
arm-none-eabi-gcc "../Drivers/OLED/ssd1306/ssd1306.c" -mcpu=cortex-m4 -std=gnu11 -g3 -DDEBUG -DUSE_HAL_DRIVER -DSTM32F411xE -c -I../Core/Inc -I"C:/Users/klima/Documents/GitHub/STM-temperature-and-humidity-monitor/STMFSMmodel/src" -I"C:/Users/klima/Documents/GitHub/STM-temperature-and-humidity-monitor/STMFSMmodel/src-gen" -I"C:/Users/klima/Documents/GitHub/STM-temperature-and-humidity-monitor/STM_Monitor/FSM" -I../Drivers/STM32F4xx_HAL_Driver/Inc -I"C:/Users/klima/Documents/GitHub/STM-temperature-and-humidity-monitor/STM_Monitor/Drivers/OLED/ssd1306" -I"C:/Users/klima/Documents/GitHub/STM-temperature-and-humidity-monitor/STM_Monitor/Drivers/STM32F4xx_HAL_Driver/Inc" -I"C:/Users/klima/Documents/GitHub/STM-temperature-and-humidity-monitor/STM_Monitor/Drivers/STM32F4xx_HAL_Driver/Src" -I"C:/Users/klima/Documents/GitHub/STM-temperature-and-humidity-monitor/STMFSMmodel/src-gen" -I"C:/Users/klima/Documents/GitHub/STM-temperature-and-humidity-monitor/STMFSMmodel/src" -I"C:/Users/klima/Documents/GitHub/STM-temperature-and-humidity-monitor/STM_Monitor/Drivers/OLED" -I../Drivers/STM32F4xx_HAL_Driver/Inc/Legacy -I../Drivers/CMSIS/Device/ST/STM32F4xx/Include -I../Drivers/CMSIS/Include -O0 -ffunction-sections -fdata-sections -Wall -fstack-usage -fcyclomatic-complexity -MMD -MP -MF"Drivers/OLED/ssd1306/ssd1306.d" -MT"Drivers/OLED/ssd1306/ssd1306.o"  -mfpu=fpv4-sp-d16 -mfloat-abi=hard -mthumb -o "Drivers/OLED/ssd1306/ssd1306.o"
arm-none-eabi-gcc "../Drivers/OLED/ssd1306/ssd1306_fonts.c" -mcpu=cortex-m4 -std=gnu11 -g3 -DDEBUG -DUSE_HAL_DRIVER -DSTM32F411xE -c -I../Core/Inc -I"C:/Users/klima/Documents/GitHub/STM-temperature-and-humidity-monitor/STMFSMmodel/src" -I"C:/Users/klima/Documents/GitHub/STM-temperature-and-humidity-monitor/STMFSMmodel/src-gen" -I"C:/Users/klima/Documents/GitHub/STM-temperature-and-humidity-monitor/STM_Monitor/FSM" -I../Drivers/STM32F4xx_HAL_Driver/Inc -I"C:/Users/klima/Documents/GitHub/STM-temperature-and-humidity-monitor/STM_Monitor/Drivers/OLED/ssd1306" -I"C:/Users/klima/Documents/GitHub/STM-temperature-and-humidity-monitor/STM_Monitor/Drivers/STM32F4xx_HAL_Driver/Inc" -I"C:/Users/klima/Documents/GitHub/STM-temperature-and-humidity-monitor/STM_Monitor/Drivers/STM32F4xx_HAL_Driver/Src" -I"C:/Users/klima/Documents/GitHub/STM-temperature-and-humidity-monitor/STMFSMmodel/src-gen" -I"C:/Users/klima/Documents/GitHub/STM-temperature-and-humidity-monitor/STMFSMmodel/src" -I"C:/Users/klima/Documents/GitHub/STM-temperature-and-humidity-monitor/STM_Monitor/Drivers/OLED" -I../Drivers/STM32F4xx_HAL_Driver/Inc/Legacy -I../Drivers/CMSIS/Device/ST/STM32F4xx/Include -I../Drivers/CMSIS/Include -O0 -ffunction-sections -fdata-sections -Wall -fstack-usage -fcyclomatic-complexity -MMD -MP -MF"Drivers/OLED/ssd1306/ssd1306_fonts.d" -MT"Drivers/OLED/ssd1306/ssd1306_fonts.o"  -mfpu=fpv4-sp-d16 -mfloat-abi=hard -mthumb -o "Drivers/OLED/ssd1306/ssd1306_fonts.o"
arm-none-eabi-gcc "../Drivers/OLED/ssd1306/ssd1306_tests.c" -mcpu=cortex-m4 -std=gnu11 -g3 -DDEBUG -DUSE_HAL_DRIVER -DSTM32F411xE -c -I../Core/Inc -I"C:/Users/klima/Documents/GitHub/STM-temperature-and-humidity-monitor/STMFSMmodel/src" -I"C:/Users/klima/Documents/GitHub/STM-temperature-and-humidity-monitor/STMFSMmodel/src-gen" -I"C:/Users/klima/Documents/GitHub/STM-temperature-and-humidity-monitor/STM_Monitor/FSM" -I../Drivers/STM32F4xx_HAL_Driver/Inc -I"C:/Users/klima/Documents/GitHub/STM-temperature-and-humidity-monitor/STM_Monitor/Drivers/OLED/ssd1306" -I"C:/Users/klima/Documents/GitHub/STM-temperature-and-humidity-monitor/STM_Monitor/Drivers/STM32F4xx_HAL_Driver/Inc" -I"C:/Users/klima/Documents/GitHub/STM-temperature-and-humidity-monitor/STM_Monitor/Drivers/STM32F4xx_HAL_Driver/Src" -I"C:/Users/klima/Documents/GitHub/STM-temperature-and-humidity-monitor/STMFSMmodel/src-gen" -I"C:/Users/klima/Documents/GitHub/STM-temperature-and-humidity-monitor/STMFSMmodel/src" -I"C:/Users/klima/Documents/GitHub/STM-temperature-and-humidity-monitor/STM_Monitor/Drivers/OLED" -I../Drivers/STM32F4xx_HAL_Driver/Inc/Legacy -I../Drivers/CMSIS/Device/ST/STM32F4xx/Include -I../Drivers/CMSIS/Include -O0 -ffunction-sections -fdata-sections -Wall -fstack-usage -fcyclomatic-complexity -MMD -MP -MF"Drivers/OLED/ssd1306/ssd1306_tests.d" -MT"Drivers/OLED/ssd1306/ssd1306_tests.o"  -mfpu=fpv4-sp-d16 -mfloat-abi=hard -mthumb -o "Drivers/OLED/ssd1306/ssd1306_tests.o"
arm-none-eabi-gcc "../Core/Src/main.c" -mcpu=cortex-m4 -std=gnu11 -g3 -DDEBUG -DUSE_HAL_DRIVER -DSTM32F411xE -c -I../Core/Inc -I"C:/Users/klima/Documents/GitHub/STM-temperature-and-humidity-monitor/STMFSMmodel/src" -I"C:/Users/klima/Documents/GitHub/STM-temperature-and-humidity-monitor/STMFSMmodel/src-gen" -I"C:/Users/klima/Documents/GitHub/STM-temperature-and-humidity-monitor/STM_Monitor/FSM" -I../Drivers/STM32F4xx_HAL_Driver/Inc -I"C:/Users/klima/Documents/GitHub/STM-temperature-and-humidity-monitor/STM_Monitor/Drivers/OLED/ssd1306" -I"C:/Users/klima/Documents/GitHub/STM-temperature-and-humidity-monitor/STM_Monitor/Drivers/STM32F4xx_HAL_Driver/Inc" -I"C:/Users/klima/Documents/GitHub/STM-temperature-and-humidity-monitor/STM_Monitor/Drivers/STM32F4xx_HAL_Driver/Src" -I"C:/Users/klima/Documents/GitHub/STM-temperature-and-humidity-monitor/STMFSMmodel/src-gen" -I"C:/Users/klima/Documents/GitHub/STM-temperature-and-humidity-monitor/STMFSMmodel/src" -I"C:/Users/klima/Documents/GitHub/STM-temperature-and-humidity-monitor/STM_Monitor/Drivers/OLED" -I../Drivers/STM32F4xx_HAL_Driver/Inc/Legacy -I../Drivers/CMSIS/Device/ST/STM32F4xx/Include -I../Drivers/CMSIS/Include -O0 -ffunction-sections -fdata-sections -Wall -fstack-usage -fcyclomatic-complexity -MMD -MP -MF"Core/Src/main.d" -MT"Core/Src/main.o"  -mfpu=fpv4-sp-d16 -mfloat-abi=hard -mthumb -o "Core/Src/main.o"
arm-none-eabi-gcc "../Core/Src/stm32f4xx_hal_msp.c" -mcpu=cortex-m4 -std=gnu11 -g3 -DDEBUG -DUSE_HAL_DRIVER -DSTM32F411xE -c -I../Core/Inc -I"C:/Users/klima/Documents/GitHub/STM-temperature-and-humidity-monitor/STMFSMmodel/src" -I"C:/Users/klima/Documents/GitHub/STM-temperature-and-humidity-monitor/STMFSMmodel/src-gen" -I"C:/Users/klima/Documents/GitHub/STM-temperature-and-humidity-monitor/STM_Monitor/FSM" -I../Drivers/STM32F4xx_HAL_Driver/Inc -I"C:/Users/klima/Documents/GitHub/STM-temperature-and-humidity-monitor/STM_Monitor/Drivers/OLED/ssd1306" -I"C:/Users/klima/Documents/GitHub/STM-temperature-and-humidity-monitor/STM_Monitor/Drivers/STM32F4xx_HAL_Driver/Inc" -I"C:/Users/klima/Documents/GitHub/STM-temperature-and-humidity-monitor/STM_Monitor/Drivers/STM32F4xx_HAL_Driver/Src" -I"C:/Users/klima/Documents/GitHub/STM-temperature-and-humidity-monitor/STMFSMmodel/src-gen" -I"C:/Users/klima/Documents/GitHub/STM-temperature-and-humidity-monitor/STMFSMmodel/src" -I"C:/Users/klima/Documents/GitHub/STM-temperature-and-humidity-monitor/STM_Monitor/Drivers/OLED" -I../Drivers/STM32F4xx_HAL_Driver/Inc/Legacy -I../Drivers/CMSIS/Device/ST/STM32F4xx/Include -I../Drivers/CMSIS/Include -O0 -ffunction-sections -fdata-sections -Wall -fstack-usage -fcyclomatic-complexity -MMD -MP -MF"Core/Src/stm32f4xx_hal_msp.d" -MT"Core/Src/stm32f4xx_hal_msp.o"  -mfpu=fpv4-sp-d16 -mfloat-abi=hard -mthumb -o "Core/Src/stm32f4xx_hal_msp.o"
arm-none-eabi-gcc "../Core/Src/stm32f4xx_it.c" -mcpu=cortex-m4 -std=gnu11 -g3 -DDEBUG -DUSE_HAL_DRIVER -DSTM32F411xE -c -I../Core/Inc -I"C:/Users/klima/Documents/GitHub/STM-temperature-and-humidity-monitor/STMFSMmodel/src" -I"C:/Users/klima/Documents/GitHub/STM-temperature-and-humidity-monitor/STMFSMmodel/src-gen" -I"C:/Users/klima/Documents/GitHub/STM-temperature-and-humidity-monitor/STM_Monitor/FSM" -I../Drivers/STM32F4xx_HAL_Driver/Inc -I"C:/Users/klima/Documents/GitHub/STM-temperature-and-humidity-monitor/STM_Monitor/Drivers/OLED/ssd1306" -I"C:/Users/klima/Documents/GitHub/STM-temperature-and-humidity-monitor/STM_Monitor/Drivers/STM32F4xx_HAL_Driver/Inc" -I"C:/Users/klima/Documents/GitHub/STM-temperature-and-humidity-monitor/STM_Monitor/Drivers/STM32F4xx_HAL_Driver/Src" -I"C:/Users/klima/Documents/GitHub/STM-temperature-and-humidity-monitor/STMFSMmodel/src-gen" -I"C:/Users/klima/Documents/GitHub/STM-temperature-and-humidity-monitor/STMFSMmodel/src" -I"C:/Users/klima/Documents/GitHub/STM-temperature-and-humidity-monitor/STM_Monitor/Drivers/OLED" -I../Drivers/STM32F4xx_HAL_Driver/Inc/Legacy -I../Drivers/CMSIS/Device/ST/STM32F4xx/Include -I../Drivers/CMSIS/Include -O0 -ffunction-sections -fdata-sections -Wall -fstack-usage -fcyclomatic-complexity -MMD -MP -MF"Core/Src/stm32f4xx_it.d" -MT"Core/Src/stm32f4xx_it.o"  -mfpu=fpv4-sp-d16 -mfloat-abi=hard -mthumb -o "Core/Src/stm32f4xx_it.o"
arm-none-eabi-gcc "../Core/Src/system_stm32f4xx.c" -mcpu=cortex-m4 -std=gnu11 -g3 -DDEBUG -DUSE_HAL_DRIVER -DSTM32F411xE -c -I../Core/Inc -I"C:/Users/klima/Documents/GitHub/STM-temperature-and-humidity-monitor/STMFSMmodel/src" -I"C:/Users/klima/Documents/GitHub/STM-temperature-and-humidity-monitor/STMFSMmodel/src-gen" -I"C:/Users/klima/Documents/GitHub/STM-temperature-and-humidity-monitor/STM_Monitor/FSM" -I../Drivers/STM32F4xx_HAL_Driver/Inc -I"C:/Users/klima/Documents/GitHub/STM-temperature-and-humidity-monitor/STM_Monitor/Drivers/OLED/ssd1306" -I"C:/Users/klima/Documents/GitHub/STM-temperature-and-humidity-monitor/STM_Monitor/Drivers/STM32F4xx_HAL_Driver/Inc" -I"C:/Users/klima/Documents/GitHub/STM-temperature-and-humidity-monitor/STM_Monitor/Drivers/STM32F4xx_HAL_Driver/Src" -I"C:/Users/klima/Documents/GitHub/STM-temperature-and-humidity-monitor/STMFSMmodel/src-gen" -I"C:/Users/klima/Documents/GitHub/STM-temperature-and-humidity-monitor/STMFSMmodel/src" -I"C:/Users/klima/Documents/GitHub/STM-temperature-and-humidity-monitor/STM_Monitor/Drivers/OLED" -I../Drivers/STM32F4xx_HAL_Driver/Inc/Legacy -I../Drivers/CMSIS/Device/ST/STM32F4xx/Include -I../Drivers/CMSIS/Include -O0 -ffunction-sections -fdata-sections -Wall -fstack-usage -fcyclomatic-complexity -MMD -MP -MF"Core/Src/system_stm32f4xx.d" -MT"Core/Src/system_stm32f4xx.o"  -mfpu=fpv4-sp-d16 -mfloat-abi=hard -mthumb -o "Core/Src/system_stm32f4xx.o"
arm-none-eabi-gcc -o "STM_Monitor.elf" @"objects.list"   -mcpu=cortex-m4 -T"C:\Users\klima\Documents\GitHub\STM-temperature-and-humidity-monitor\STM_Monitor\STM32F411CEUX_FLASH.ld" --specs=nosys.specs -Wl,-Map="STM_Monitor.map" -Wl,--gc-sections -static  -mfpu=fpv4-sp-d16 -mfloat-abi=hard -mthumb -Wl,--start-group -lc -lm -Wl,--end-group
Finished building target: STM_Monitor.elf
 
arm-none-eabi-size  STM_Monitor.elf 
arm-none-eabi-objdump -h -S STM_Monitor.elf  > "STM_Monitor.list"
   text	   data	    bss	    dec	    hex	filename
  49660	   1732	   3180	  54572	   d52c	STM_Monitor.elf
Finished building: default.size.stdout
 
Finished building: STM_Monitor.list
 
16:53:33 **** Incremental Build of configuration Debug for project STM_Monitor ****
make -j12 all 
arm-none-eabi-size  STM_Monitor.elf 
   text	   data	    bss	    dec	    hex	filename
  49660	   1732	   3180	  54572	   d52c	STM_Monitor.elf
Finished building: default.size.stdout
 
16:57:38 **** Incremental Build of configuration Debug for project STM_Monitor ****
make -j12 all 
arm-none-eabi-gcc "../Core/Src/main.c" -mcpu=cortex-m4 -std=gnu11 -g3 -DDEBUG -DUSE_HAL_DRIVER -DSTM32F411xE -c -I../Core/Inc -I"C:/Users/klima/Documents/GitHub/STM-temperature-and-humidity-monitor/STMFSMmodel/src" -I"C:/Users/klima/Documents/GitHub/STM-temperature-and-humidity-monitor/STMFSMmodel/src-gen" -I"C:/Users/klima/Documents/GitHub/STM-temperature-and-humidity-monitor/STM_Monitor/FSM" -I../Drivers/STM32F4xx_HAL_Driver/Inc -I"C:/Users/klima/Documents/GitHub/STM-temperature-and-humidity-monitor/STM_Monitor/Drivers/OLED/ssd1306" -I"C:/Users/klima/Documents/GitHub/STM-temperature-and-humidity-monitor/STM_Monitor/Drivers/STM32F4xx_HAL_Driver/Inc" -I"C:/Users/klima/Documents/GitHub/STM-temperature-and-humidity-monitor/STM_Monitor/Drivers/STM32F4xx_HAL_Driver/Src" -I"C:/Users/klima/Documents/GitHub/STM-temperature-and-humidity-monitor/STMFSMmodel/src-gen" -I"C:/Users/klima/Documents/GitHub/STM-temperature-and-humidity-monitor/STMFSMmodel/src" -I"C:/Users/klima/Documents/GitHub/STM-temperature-and-humidity-monitor/STM_Monitor/Drivers/OLED" -I../Drivers/STM32F4xx_HAL_Driver/Inc/Legacy -I../Drivers/CMSIS/Device/ST/STM32F4xx/Include -I../Drivers/CMSIS/Include -O0 -ffunction-sections -fdata-sections -Wall -fstack-usage -fcyclomatic-complexity -MMD -MP -MF"Core/Src/main.d" -MT"Core/Src/main.o"  -mfpu=fpv4-sp-d16 -mfloat-abi=hard -mthumb -o "Core/Src/main.o"
arm-none-eabi-gcc -o "STM_Monitor.elf" @"objects.list"   -mcpu=cortex-m4 -T"C:\Users\klima\Documents\GitHub\STM-temperature-and-humidity-monitor\STM_Monitor\STM32F411CEUX_FLASH.ld" --specs=nosys.specs -Wl,-Map="STM_Monitor.map" -Wl,--gc-sections -static  -mfpu=fpv4-sp-d16 -mfloat-abi=hard -mthumb -Wl,--start-group -lc -lm -Wl,--end-group
Finished building target: STM_Monitor.elf
 
arm-none-eabi-size  STM_Monitor.elf 
arm-none-eabi-objdump -h -S STM_Monitor.elf  > "STM_Monitor.list"
   text	   data	    bss	    dec	    hex	filename
  49660	   1732	   3180	  54572	   d52c	STM_Monitor.elf
Finished building: default.size.stdout
 
Finished building: STM_Monitor.list
 
16:58:48 **** Incremental Build of configuration Debug for project STM_Monitor ****
make -j12 all 
arm-none-eabi-gcc "../Core/Src/main.c" -mcpu=cortex-m4 -std=gnu11 -g3 -DDEBUG -DUSE_HAL_DRIVER -DSTM32F411xE -c -I../Core/Inc -I"C:/Users/klima/Documents/GitHub/STM-temperature-and-humidity-monitor/STMFSMmodel/src" -I"C:/Users/klima/Documents/GitHub/STM-temperature-and-humidity-monitor/STMFSMmodel/src-gen" -I"C:/Users/klima/Documents/GitHub/STM-temperature-and-humidity-monitor/STM_Monitor/FSM" -I../Drivers/STM32F4xx_HAL_Driver/Inc -I"C:/Users/klima/Documents/GitHub/STM-temperature-and-humidity-monitor/STM_Monitor/Drivers/OLED/ssd1306" -I"C:/Users/klima/Documents/GitHub/STM-temperature-and-humidity-monitor/STM_Monitor/Drivers/STM32F4xx_HAL_Driver/Inc" -I"C:/Users/klima/Documents/GitHub/STM-temperature-and-humidity-monitor/STM_Monitor/Drivers/STM32F4xx_HAL_Driver/Src" -I"C:/Users/klima/Documents/GitHub/STM-temperature-and-humidity-monitor/STMFSMmodel/src-gen" -I"C:/Users/klima/Documents/GitHub/STM-temperature-and-humidity-monitor/STMFSMmodel/src" -I"C:/Users/klima/Documents/GitHub/STM-temperature-and-humidity-monitor/STM_Monitor/Drivers/OLED" -I../Drivers/STM32F4xx_HAL_Driver/Inc/Legacy -I../Drivers/CMSIS/Device/ST/STM32F4xx/Include -I../Drivers/CMSIS/Include -O0 -ffunction-sections -fdata-sections -Wall -fstack-usage -fcyclomatic-complexity -MMD -MP -MF"Core/Src/main.d" -MT"Core/Src/main.o"  -mfpu=fpv4-sp-d16 -mfloat-abi=hard -mthumb -o "Core/Src/main.o"
arm-none-eabi-gcc -o "STM_Monitor.elf" @"objects.list"   -mcpu=cortex-m4 -T"C:\Users\klima\Documents\GitHub\STM-temperature-and-humidity-monitor\STM_Monitor\STM32F411CEUX_FLASH.ld" --specs=nosys.specs -Wl,-Map="STM_Monitor.map" -Wl,--gc-sections -static  -mfpu=fpv4-sp-d16 -mfloat-abi=hard -mthumb -Wl,--start-group -lc -lm -Wl,--end-group
Finished building target: STM_Monitor.elf
 
arm-none-eabi-size  STM_Monitor.elf 
arm-none-eabi-objdump -h -S STM_Monitor.elf  > "STM_Monitor.list"
   text	   data	    bss	    dec	    hex	filename
  49652	   1732	   3180	  54564	   d524	STM_Monitor.elf
Finished building: default.size.stdout
 
Finished building: STM_Monitor.list
 
16:58:51 **** Incremental Build of configuration Debug for project STM_Monitor ****
make -j12 all 
arm-none-eabi-size  STM_Monitor.elf 
   text	   data	    bss	    dec	    hex	filename
  49652	   1732	   3180	  54564	   d524	STM_Monitor.elf
Finished building: default.size.stdout
 
