17:31:55 **** Build of configuration Debug for project STM_Monitor ****
make -j8 all 
arm-none-eabi-gcc "../Core/Src/main.c" -mcpu=cortex-m4 -std=gnu11 -g3 -DDEBUG -DUSE_HAL_DRIVER -DSTM32F411xE -c -I../Core/Inc -I"C:/Users/darbo/Documents/GitHub/STM-temperature-and-humidity-monitor/STM_Monitor/FSM" -I"C:/Users/darbo/Documents/GitHub/STM-temperature-and-humidity-monitor/STMFSMmodel/src-gen" -I"C:/Users/darbo/Documents/GitHub/STM-temperature-and-humidity-monitor/STMFSMmodel/src" -I../Drivers/STM32F4xx_HAL_Driver/Inc -I"C:/Users/darbo/Documents/GitHub/STM-temperature-and-humidity-monitor/STM_Monitor/Drivers/OLED/ssd1306" -I"C:/Users/darbo/Documents/GitHub/STM-temperature-and-humidity-monitor/STM_Monitor/Drivers/STM32F4xx_HAL_Driver/Inc" -I"C:/Users/darbo/Documents/GitHub/STM-temperature-and-humidity-monitor/STM_Monitor/Drivers/STM32F4xx_HAL_Driver/Src" -I"C:/Users/klima/Documents/GitHub/STM-temperature-and-humidity-monitor/STMFSMmodel/src-gen" -I"C:/Users/klima/Documents/GitHub/STM-temperature-and-humidity-monitor/STMFSMmodel/src" -I"C:/Users/darbo/Documents/GitHub/STM-temperature-and-humidity-monitor/STM_Monitor/Drivers/OLED" -I../Drivers/STM32F4xx_HAL_Driver/Inc/Legacy -I../Drivers/CMSIS/Device/ST/STM32F4xx/Include -I../Drivers/CMSIS/Include -O0 -ffunction-sections -fdata-sections -Wall -fstack-usage -fcyclomatic-complexity -MMD -MP -MF"Core/Src/main.d" -MT"Core/Src/main.o" --specs=nano.specs -mfpu=fpv4-sp-d16 -mfloat-abi=hard -mthumb -o "Core/Src/main.o"
arm-none-eabi-gcc "../Core/Src/stm32f4xx_hal_msp.c" -mcpu=cortex-m4 -std=gnu11 -g3 -DDEBUG -DUSE_HAL_DRIVER -DSTM32F411xE -c -I../Core/Inc -I"C:/Users/darbo/Documents/GitHub/STM-temperature-and-humidity-monitor/STM_Monitor/FSM" -I"C:/Users/darbo/Documents/GitHub/STM-temperature-and-humidity-monitor/STMFSMmodel/src-gen" -I"C:/Users/darbo/Documents/GitHub/STM-temperature-and-humidity-monitor/STMFSMmodel/src" -I../Drivers/STM32F4xx_HAL_Driver/Inc -I"C:/Users/darbo/Documents/GitHub/STM-temperature-and-humidity-monitor/STM_Monitor/Drivers/OLED/ssd1306" -I"C:/Users/darbo/Documents/GitHub/STM-temperature-and-humidity-monitor/STM_Monitor/Drivers/STM32F4xx_HAL_Driver/Inc" -I"C:/Users/darbo/Documents/GitHub/STM-temperature-and-humidity-monitor/STM_Monitor/Drivers/STM32F4xx_HAL_Driver/Src" -I"C:/Users/klima/Documents/GitHub/STM-temperature-and-humidity-monitor/STMFSMmodel/src-gen" -I"C:/Users/klima/Documents/GitHub/STM-temperature-and-humidity-monitor/STMFSMmodel/src" -I"C:/Users/darbo/Documents/GitHub/STM-temperature-and-humidity-monitor/STM_Monitor/Drivers/OLED" -I../Drivers/STM32F4xx_HAL_Driver/Inc/Legacy -I../Drivers/CMSIS/Device/ST/STM32F4xx/Include -I../Drivers/CMSIS/Include -O0 -ffunction-sections -fdata-sections -Wall -fstack-usage -fcyclomatic-complexity -MMD -MP -MF"Core/Src/stm32f4xx_hal_msp.d" -MT"Core/Src/stm32f4xx_hal_msp.o" --specs=nano.specs -mfpu=fpv4-sp-d16 -mfloat-abi=hard -mthumb -o "Core/Src/stm32f4xx_hal_msp.o"
../Core/Src/main.c: In function 'SHT31_ReadTempHumidity':
../Core/Src/main.c:135:49: warning: passing argument 3 of 'HAL_I2C_Master_Transmit' discards 'const' qualifier from pointer target type [-Wdiscarded-qualifiers]
  135 |     HAL_I2C_Master_Transmit(&hi2c1, SHT31_ADDR, CMD_MEASURE_TEMP, 2, 1000);
      |                                                 ^~~~~~~~~~~~~~~~
In file included from ../Core/Inc/stm32f4xx_hal_conf.h:363,
                 from ../Drivers/STM32F4xx_HAL_Driver/Inc/stm32f4xx_hal.h:29,
                 from ../Core/Inc/main.h:30,
                 from ../Core/Src/main.c:20:
../Drivers/STM32F4xx_HAL_Driver/Inc/stm32f4xx_hal_i2c.h:566:98: note: expected 'uint8_t *' {aka 'unsigned char *'} but argument is of type 'const uint8_t *' {aka 'const unsigned char *'}
  566 | HAL_StatusTypeDef HAL_I2C_Master_Transmit(I2C_HandleTypeDef *hi2c, uint16_t DevAddress, uint8_t *pData, uint16_t Size, uint32_t Timeout);
      |                                                                                         ~~~~~~~~~^~~~~
../Core/Src/main.c: At top level:
../Core/Src/main.c:46:22: warning: 'CMD_MEASURE_HUMIDITY' defined but not used [-Wunused-const-variable=]
   46 | static const uint8_t CMD_MEASURE_HUMIDITY[] = {0x2C, 0x06};  // same cmd — SHT31 does both at once
      |                      ^~~~~~~~~~~~~~~~~~~~
arm-none-eabi-gcc -o "STM_Monitor.elf" @"objects.list"   -mcpu=cortex-m4 -T"C:\Users\darbo\Documents\GitHub\STM-temperature-and-humidity-monitor\STM_Monitor\STM32F411CEUX_FLASH.ld" --specs=nosys.specs -Wl,-Map="STM_Monitor.map" -Wl,--gc-sections -static --specs=nano.specs -mfpu=fpv4-sp-d16 -mfloat-abi=hard -mthumb -Wl,--start-group -lc -lm -Wl,--end-group
Finished building target: STM_Monitor.elf
 
arm-none-eabi-size  STM_Monitor.elf 
arm-none-eabi-objdump -h -S STM_Monitor.elf  > "STM_Monitor.list"
   text	   data	    bss	    dec	    hex	filename
  20284	     92	   2716	  23092	   5a34	STM_Monitor.elf
Finished building: default.size.stdout
 
Finished building: STM_Monitor.list
 

17:32:04 Build Finished. 0 errors, 2 warnings. (took 8s.779ms)

